13:42:05 **** Incremental Build of configuration Debug for project DSO ****
make -j4 all 
arm-none-eabi-gcc "../Core/Src/DSO_application.c" -mcpu=cortex-m4 -std=gnu11 -g3 -DUSE_HAL_DRIVER -DSTM32F401xE -DDEBUG -c -I../Core/Inc -I../Drivers/STM32F4xx_HAL_Driver/Inc -I../Drivers/STM32F4xx_HAL_Driver/Inc/Legacy -I../Drivers/CMSIS/Device/ST/STM32F4xx/Include -I../Drivers/CMSIS/Include -O0 -ffunction-sections -fdata-sections -Wall -fstack-usage -MMD -MP -MF"Core/Src/DSO_application.d" -MT"Core/Src/DSO_application.o" --specs=nano.specs -mfpu=fpv4-sp-d16 -mfloat-abi=hard -mthumb -o "Core/Src/DSO_application.o"
arm-none-eabi-gcc -o "DSO.elf" @"objects.list"   -mcpu=cortex-m4 -T"/home/gabriele/Documents/Progetto/Workspace/DSO/STM32F401RETX_FLASH.ld" --specs=nosys.specs -Wl,-Map="DSO.map" -Wl,--gc-sections -static --specs=nano.specs -mfpu=fpv4-sp-d16 -mfloat-abi=hard -mthumb -Wl,--start-group -lc -lm -Wl,--end-group
Finished building target: DSO.elf
 
arm-none-eabi-objdump -h -S  DSO.elf  > "DSO.list"
arm-none-eabi-objcopy  -O binary  DSO.elf  "DSO.bin"
arm-none-eabi-size   DSO.elf 
   text	   data	    bss	    dec	    hex	filename
  20048	     48	   4912	  25008	   61b0	DSO.elf
Finished building: default.size.stdout
 
Finished building: DSO.bin
 
Finished building: DSO.list
 

13:42:06 Build Finished. 0 errors, 0 warnings. (took 1s.78ms)

