11:34:21 **** Incremental Build of configuration Debug for project DSO ****
make -j4 all 
arm-none-eabi-gcc "../Core/Src/DSO_application.c" -mcpu=cortex-m4 -std=gnu11 -g3 -DUSE_HAL_DRIVER -DSTM32F401xE -DDEBUG -c -I../Core/Inc -I../Drivers/STM32F4xx_HAL_Driver/Inc -I../Drivers/STM32F4xx_HAL_Driver/Inc/Legacy -I../Drivers/CMSIS/Device/ST/STM32F4xx/Include -I../Drivers/CMSIS/Include -O0 -ffunction-sections -fdata-sections -Wall -fstack-usage -MMD -MP -MF"Core/Src/DSO_application.d" -MT"Core/Src/DSO_application.o" --specs=nano.specs -mfpu=fpv4-sp-d16 -mfloat-abi=hard -mthumb -o "Core/Src/DSO_application.o"
arm-none-eabi-gcc "../Core/Src/data_operation.c" -mcpu=cortex-m4 -std=gnu11 -g3 -DUSE_HAL_DRIVER -DSTM32F401xE -DDEBUG -c -I../Core/Inc -I../Drivers/STM32F4xx_HAL_Driver/Inc -I../Drivers/STM32F4xx_HAL_Driver/Inc/Legacy -I../Drivers/CMSIS/Device/ST/STM32F4xx/Include -I../Drivers/CMSIS/Include -O0 -ffunction-sections -fdata-sections -Wall -fstack-usage -MMD -MP -MF"Core/Src/data_operation.d" -MT"Core/Src/data_operation.o" --specs=nano.specs -mfpu=fpv4-sp-d16 -mfloat-abi=hard -mthumb -o "Core/Src/data_operation.o"
arm-none-eabi-gcc -o "DSO.elf" @"objects.list"   -mcpu=cortex-m4 -T"/home/gabriele/Documents/Progetto/Workspace/DSO/STM32F401RETX_FLASH.ld" --specs=nosys.specs -Wl,-Map="DSO.map" -Wl,--gc-sections -static --specs=nano.specs -mfpu=fpv4-sp-d16 -mfloat-abi=hard -mthumb -Wl,--start-group -lc -lm -Wl,--end-group
Finished building target: DSO.elf
 
arm-none-eabi-objdump -h -S  DSO.elf  > "DSO.list"
arm-none-eabi-objcopy  -O binary  DSO.elf  "DSO.bin"
arm-none-eabi-size   DSO.elf 
   text	   data	    bss	    dec	    hex	filename
  19992	     44	   4908	  24944	   6170	DSO.elf
Finished building: default.size.stdout
 
Finished building: DSO.bin
 
Finished building: DSO.list
 
11:34:26 **** Incremental Build of configuration Debug for project DSO ****
make -j4 all 
arm-none-eabi-size   DSO.elf 
   text	   data	    bss	    dec	    hex	filename
  19992	     44	   4908	  24944	   6170	DSO.elf
Finished building: default.size.stdout
 
11:58:46 **** Incremental Build of configuration Debug for project DSO ****
make -j4 all 
arm-none-eabi-gcc "../Core/Src/DSO_application.c" -mcpu=cortex-m4 -std=gnu11 -g3 -DUSE_HAL_DRIVER -DSTM32F401xE -DDEBUG -c -I../Core/Inc -I../Drivers/STM32F4xx_HAL_Driver/Inc -I../Drivers/STM32F4xx_HAL_Driver/Inc/Legacy -I../Drivers/CMSIS/Device/ST/STM32F4xx/Include -I../Drivers/CMSIS/Include -O0 -ffunction-sections -fdata-sections -Wall -fstack-usage -MMD -MP -MF"Core/Src/DSO_application.d" -MT"Core/Src/DSO_application.o" --specs=nano.specs -mfpu=fpv4-sp-d16 -mfloat-abi=hard -mthumb -o "Core/Src/DSO_application.o"
arm-none-eabi-gcc "../Core/Src/data_events.c" -mcpu=cortex-m4 -std=gnu11 -g3 -DUSE_HAL_DRIVER -DSTM32F401xE -DDEBUG -c -I../Core/Inc -I../Drivers/STM32F4xx_HAL_Driver/Inc -I../Drivers/STM32F4xx_HAL_Driver/Inc/Legacy -I../Drivers/CMSIS/Device/ST/STM32F4xx/Include -I../Drivers/CMSIS/Include -O0 -ffunction-sections -fdata-sections -Wall -fstack-usage -MMD -MP -MF"Core/Src/data_events.d" -MT"Core/Src/data_events.o" --specs=nano.specs -mfpu=fpv4-sp-d16 -mfloat-abi=hard -mthumb -o "Core/Src/data_events.o"
arm-none-eabi-gcc -o "DSO.elf" @"objects.list"   -mcpu=cortex-m4 -T"/home/gabriele/Documents/Progetto/Workspace/DSO/STM32F401RETX_FLASH.ld" --specs=nosys.specs -Wl,-Map="DSO.map" -Wl,--gc-sections -static --specs=nano.specs -mfpu=fpv4-sp-d16 -mfloat-abi=hard -mthumb -Wl,--start-group -lc -lm -Wl,--end-group
Finished building target: DSO.elf
 
arm-none-eabi-objdump -h -S  DSO.elf  > "DSO.list"
arm-none-eabi-objcopy  -O binary  DSO.elf  "DSO.bin"
arm-none-eabi-size   DSO.elf 
Finished building: DSO.bin
   text	   data	    bss	    dec	    hex	filename
  19992	     48	   4904	  24944	   6170	DSO.elf
Finished building: default.size.stdout
 
 
Finished building: DSO.list
 
12:02:10 **** Incremental Build of configuration Debug for project DSO ****
make -j4 all 
arm-none-eabi-gcc "../Core/Src/DSO_application.c" -mcpu=cortex-m4 -std=gnu11 -g3 -DUSE_HAL_DRIVER -DSTM32F401xE -DDEBUG -c -I../Core/Inc -I../Drivers/STM32F4xx_HAL_Driver/Inc -I../Drivers/STM32F4xx_HAL_Driver/Inc/Legacy -I../Drivers/CMSIS/Device/ST/STM32F4xx/Include -I../Drivers/CMSIS/Include -O0 -ffunction-sections -fdata-sections -Wall -fstack-usage -MMD -MP -MF"Core/Src/DSO_application.d" -MT"Core/Src/DSO_application.o" --specs=nano.specs -mfpu=fpv4-sp-d16 -mfloat-abi=hard -mthumb -o "Core/Src/DSO_application.o"
arm-none-eabi-gcc -o "DSO.elf" @"objects.list"   -mcpu=cortex-m4 -T"/home/gabriele/Documents/Progetto/Workspace/DSO/STM32F401RETX_FLASH.ld" --specs=nosys.specs -Wl,-Map="DSO.map" -Wl,--gc-sections -static --specs=nano.specs -mfpu=fpv4-sp-d16 -mfloat-abi=hard -mthumb -Wl,--start-group -lc -lm -Wl,--end-group
Finished building target: DSO.elf
 
arm-none-eabi-objdump -h -S  DSO.elf  > "DSO.list"
arm-none-eabi-objcopy  -O binary  DSO.elf  "DSO.bin"
arm-none-eabi-size   DSO.elf 
   text	   data	    bss	    dec	    hex	filename
  19992	     48	   4904	  24944	   6170	DSO.elf
Finished building: default.size.stdout
 
Finished building: DSO.bin
 
Finished building: DSO.list
 
12:04:10 **** Incremental Build of configuration Debug for project DSO ****
make -j4 all 
arm-none-eabi-gcc "../Core/Src/DSO_application.c" -mcpu=cortex-m4 -std=gnu11 -g3 -DUSE_HAL_DRIVER -DSTM32F401xE -DDEBUG -c -I../Core/Inc -I../Drivers/STM32F4xx_HAL_Driver/Inc -I../Drivers/STM32F4xx_HAL_Driver/Inc/Legacy -I../Drivers/CMSIS/Device/ST/STM32F4xx/Include -I../Drivers/CMSIS/Include -O0 -ffunction-sections -fdata-sections -Wall -fstack-usage -MMD -MP -MF"Core/Src/DSO_application.d" -MT"Core/Src/DSO_application.o" --specs=nano.specs -mfpu=fpv4-sp-d16 -mfloat-abi=hard -mthumb -o "Core/Src/DSO_application.o"
arm-none-eabi-gcc -o "DSO.elf" @"objects.list"   -mcpu=cortex-m4 -T"/home/gabriele/Documents/Progetto/Workspace/DSO/STM32F401RETX_FLASH.ld" --specs=nosys.specs -Wl,-Map="DSO.map" -Wl,--gc-sections -static --specs=nano.specs -mfpu=fpv4-sp-d16 -mfloat-abi=hard -mthumb -Wl,--start-group -lc -lm -Wl,--end-group
Finished building target: DSO.elf
 
arm-none-eabi-objdump -h -S  DSO.elf  > "DSO.list"
arm-none-eabi-objcopy  -O binary  DSO.elf  "DSO.bin"
arm-none-eabi-size   DSO.elf 
Finished building: DSO.bin
   text	   data	    bss	    dec	    hex	filename
  19992	     48	   4904	  24944	   6170	DSO.elf
Finished building: default.size.stdout
 
 
Finished building: DSO.list
 
12:10:15 **** Incremental Build of configuration Debug for project DSO ****
make -j4 all 
arm-none-eabi-size   DSO.elf 
   text	   data	    bss	    dec	    hex	filename
  19992	     48	   4904	  24944	   6170	DSO.elf
Finished building: default.size.stdout
 
12:11:16 **** Incremental Build of configuration Debug for project DSO ****
make -j4 all 
arm-none-eabi-size   DSO.elf 
   text	   data	    bss	    dec	    hex	filename
  19992	     48	   4904	  24944	   6170	DSO.elf
Finished building: default.size.stdout
 
12:11:43 **** Incremental Build of configuration Debug for project DSO ****
make -j4 all 
arm-none-eabi-size   DSO.elf 
   text	   data	    bss	    dec	    hex	filename
  19992	     48	   4904	  24944	   6170	DSO.elf
Finished building: default.size.stdout
 
12:12:07 **** Incremental Build of configuration Debug for project DSO ****
make -j4 all 
arm-none-eabi-size   DSO.elf 
   text	   data	    bss	    dec	    hex	filename
  19992	     48	   4904	  24944	   6170	DSO.elf
Finished building: default.size.stdout
 
12:13:42 **** Incremental Build of configuration Debug for project DSO ****
make -j4 all 
arm-none-eabi-size   DSO.elf 
   text	   data	    bss	    dec	    hex	filename
  19992	     48	   4904	  24944	   6170	DSO.elf
Finished building: default.size.stdout
 
12:26:32 **** Incremental Build of configuration Debug for project DSO ****
make -j4 all 
arm-none-eabi-gcc "../Core/Src/DSO_application.c" -mcpu=cortex-m4 -std=gnu11 -g3 -DUSE_HAL_DRIVER -DSTM32F401xE -DDEBUG -c -I../Core/Inc -I../Drivers/STM32F4xx_HAL_Driver/Inc -I../Drivers/STM32F4xx_HAL_Driver/Inc/Legacy -I../Drivers/CMSIS/Device/ST/STM32F4xx/Include -I../Drivers/CMSIS/Include -O0 -ffunction-sections -fdata-sections -Wall -fstack-usage -MMD -MP -MF"Core/Src/DSO_application.d" -MT"Core/Src/DSO_application.o" --specs=nano.specs -mfpu=fpv4-sp-d16 -mfloat-abi=hard -mthumb -o "Core/Src/DSO_application.o"
arm-none-eabi-gcc -o "DSO.elf" @"objects.list"   -mcpu=cortex-m4 -T"/home/gabriele/Documents/Progetto/Workspace/DSO/STM32F401RETX_FLASH.ld" --specs=nosys.specs -Wl,-Map="DSO.map" -Wl,--gc-sections -static --specs=nano.specs -mfpu=fpv4-sp-d16 -mfloat-abi=hard -mthumb -Wl,--start-group -lc -lm -Wl,--end-group
Finished building target: DSO.elf
 
arm-none-eabi-objdump -h -S  DSO.elf  > "DSO.list"
arm-none-eabi-objcopy  -O binary  DSO.elf  "DSO.bin"
arm-none-eabi-size   DSO.elf 
   text	   data	    bss	    dec	    hex	filename
  20024	     48	   4904	  24976	   6190	DSO.elf
Finished building: DSO.bin
 
Finished building: default.size.stdout
 
Finished building: DSO.list
 
12:27:17 **** Incremental Build of configuration Debug for project DSO ****
make -j4 all 
arm-none-eabi-size   DSO.elf 
   text	   data	    bss	    dec	    hex	filename
  20024	     48	   4904	  24976	   6190	DSO.elf
Finished building: default.size.stdout
 
12:34:00 **** Incremental Build of configuration Debug for project DSO ****
make -j4 all 
arm-none-eabi-size   DSO.elf 
   text	   data	    bss	    dec	    hex	filename
  20024	     48	   4904	  24976	   6190	DSO.elf
Finished building: default.size.stdout
 
12:35:35 **** Incremental Build of configuration Debug for project DSO ****
make -j4 all 
arm-none-eabi-size   DSO.elf 
   text	   data	    bss	    dec	    hex	filename
  20024	     48	   4904	  24976	   6190	DSO.elf
Finished building: default.size.stdout
 
12:36:02 **** Incremental Build of configuration Debug for project DSO ****
make -j4 all 
arm-none-eabi-size   DSO.elf 
   text	   data	    bss	    dec	    hex	filename
  20024	     48	   4904	  24976	   6190	DSO.elf
Finished building: default.size.stdout
 
12:37:26 **** Incremental Build of configuration Debug for project DSO ****
make -j4 all 
arm-none-eabi-size   DSO.elf 
   text	   data	    bss	    dec	    hex	filename
  20024	     48	   4904	  24976	   6190	DSO.elf
Finished building: default.size.stdout
 
12:40:58 **** Incremental Build of configuration Debug for project DSO ****
make -j4 all 
arm-none-eabi-size   DSO.elf 
   text	   data	    bss	    dec	    hex	filename
  20024	     48	   4904	  24976	   6190	DSO.elf
Finished building: default.size.stdout
 
12:41:19 **** Incremental Build of configuration Debug for project DSO ****
make -j4 all 
arm-none-eabi-size   DSO.elf 
   text	   data	    bss	    dec	    hex	filename
  20024	     48	   4904	  24976	   6190	DSO.elf
Finished building: default.size.stdout
 
12:41:42 **** Incremental Build of configuration Debug for project DSO ****
make -j4 all 
arm-none-eabi-size   DSO.elf 
   text	   data	    bss	    dec	    hex	filename
  20024	     48	   4904	  24976	   6190	DSO.elf
Finished building: default.size.stdout
 
12:42:25 **** Incremental Build of configuration Debug for project DSO ****
make -j4 all 
arm-none-eabi-size   DSO.elf 
   text	   data	    bss	    dec	    hex	filename
  20024	     48	   4904	  24976	   6190	DSO.elf
Finished building: default.size.stdout
 
12:47:27 **** Incremental Build of configuration Debug for project DSO ****
make -j4 all 
arm-none-eabi-gcc "../Core/Src/DSO_application.c" -mcpu=cortex-m4 -std=gnu11 -g3 -DUSE_HAL_DRIVER -DSTM32F401xE -DDEBUG -c -I../Core/Inc -I../Drivers/STM32F4xx_HAL_Driver/Inc -I../Drivers/STM32F4xx_HAL_Driver/Inc/Legacy -I../Drivers/CMSIS/Device/ST/STM32F4xx/Include -I../Drivers/CMSIS/Include -O0 -ffunction-sections -fdata-sections -Wall -fstack-usage -MMD -MP -MF"Core/Src/DSO_application.d" -MT"Core/Src/DSO_application.o" --specs=nano.specs -mfpu=fpv4-sp-d16 -mfloat-abi=hard -mthumb -o "Core/Src/DSO_application.o"
arm-none-eabi-gcc "../Core/Src/data_events.c" -mcpu=cortex-m4 -std=gnu11 -g3 -DUSE_HAL_DRIVER -DSTM32F401xE -DDEBUG -c -I../Core/Inc -I../Drivers/STM32F4xx_HAL_Driver/Inc -I../Drivers/STM32F4xx_HAL_Driver/Inc/Legacy -I../Drivers/CMSIS/Device/ST/STM32F4xx/Include -I../Drivers/CMSIS/Include -O0 -ffunction-sections -fdata-sections -Wall -fstack-usage -MMD -MP -MF"Core/Src/data_events.d" -MT"Core/Src/data_events.o" --specs=nano.specs -mfpu=fpv4-sp-d16 -mfloat-abi=hard -mthumb -o "Core/Src/data_events.o"
arm-none-eabi-gcc -o "DSO.elf" @"objects.list"   -mcpu=cortex-m4 -T"/home/gabriele/Documents/Progetto/Workspace/DSO/STM32F401RETX_FLASH.ld" --specs=nosys.specs -Wl,-Map="DSO.map" -Wl,--gc-sections -static --specs=nano.specs -mfpu=fpv4-sp-d16 -mfloat-abi=hard -mthumb -Wl,--start-group -lc -lm -Wl,--end-group
Finished building target: DSO.elf
 
arm-none-eabi-objdump -h -S  DSO.elf  > "DSO.list"
arm-none-eabi-objcopy  -O binary  DSO.elf  "DSO.bin"
arm-none-eabi-size   DSO.elf 
   text	   data	    bss	    dec	    hex	filename
  20024	     48	   4904	  24976	   6190	DSO.elf
Finished building: default.size.stdout
Finished building: DSO.bin
 
 
Finished building: DSO.list
 
12:49:17 **** Incremental Build of configuration Debug for project DSO ****
make -j4 all 
arm-none-eabi-size   DSO.elf 
   text	   data	    bss	    dec	    hex	filename
  20024	     48	   4904	  24976	   6190	DSO.elf
Finished building: default.size.stdout
 
12:50:11 **** Incremental Build of configuration Debug for project DSO ****
make -j4 all 
arm-none-eabi-size   DSO.elf 
   text	   data	    bss	    dec	    hex	filename
  20024	     48	   4904	  24976	   6190	DSO.elf
Finished building: default.size.stdout
 
12:51:37 **** Incremental Build of configuration Debug for project DSO ****
make -j4 all 
arm-none-eabi-size   DSO.elf 
   text	   data	    bss	    dec	    hex	filename
  20024	     48	   4904	  24976	   6190	DSO.elf
Finished building: default.size.stdout
 
12:52:03 **** Incremental Build of configuration Debug for project DSO ****
make -j4 all 
arm-none-eabi-size   DSO.elf 
   text	   data	    bss	    dec	    hex	filename
  20024	     48	   4904	  24976	   6190	DSO.elf
Finished building: default.size.stdout
 
12:52:29 **** Incremental Build of configuration Debug for project DSO ****
make -j4 all 
arm-none-eabi-size   DSO.elf 
   text	   data	    bss	    dec	    hex	filename
  20024	     48	   4904	  24976	   6190	DSO.elf
Finished building: default.size.stdout
 
12:53:32 **** Incremental Build of configuration Debug for project DSO ****
make -j4 all 
arm-none-eabi-size   DSO.elf 
   text	   data	    bss	    dec	    hex	filename
  20024	     48	   4904	  24976	   6190	DSO.elf
Finished building: default.size.stdout
 
12:54:39 **** Incremental Build of configuration Debug for project DSO ****
make -j4 all 
arm-none-eabi-size   DSO.elf 
   text	   data	    bss	    dec	    hex	filename
  20024	     48	   4904	  24976	   6190	DSO.elf
Finished building: default.size.stdout
 
12:55:38 **** Incremental Build of configuration Debug for project DSO ****
make -j4 all 
arm-none-eabi-size   DSO.elf 
   text	   data	    bss	    dec	    hex	filename
  20024	     48	   4904	  24976	   6190	DSO.elf
Finished building: default.size.stdout
 
13:27:32 **** Incremental Build of configuration Debug for project DSO ****
make -j4 all 
arm-none-eabi-size   DSO.elf 
   text	   data	    bss	    dec	    hex	filename
  20024	     48	   4904	  24976	   6190	DSO.elf
Finished building: default.size.stdout
 
13:28:06 **** Incremental Build of configuration Debug for project DSO ****
make -j4 all 
arm-none-eabi-size   DSO.elf 
   text	   data	    bss	    dec	    hex	filename
  20024	     48	   4904	  24976	   6190	DSO.elf
Finished building: default.size.stdout
 
13:30:27 **** Incremental Build of configuration Debug for project DSO ****
make -j4 all 
arm-none-eabi-size   DSO.elf 
   text	   data	    bss	    dec	    hex	filename
  20024	     48	   4904	  24976	   6190	DSO.elf
Finished building: default.size.stdout
 
13:31:33 **** Incremental Build of configuration Debug for project DSO ****
make -j4 all 
arm-none-eabi-size   DSO.elf 
   text	   data	    bss	    dec	    hex	filename
  20024	     48	   4904	  24976	   6190	DSO.elf
Finished building: default.size.stdout
 
13:33:30 **** Incremental Build of configuration Debug for project DSO ****
make -j4 all 
arm-none-eabi-gcc "../Core/Src/DSO_application.c" -mcpu=cortex-m4 -std=gnu11 -g3 -DUSE_HAL_DRIVER -DSTM32F401xE -DDEBUG -c -I../Core/Inc -I../Drivers/STM32F4xx_HAL_Driver/Inc -I../Drivers/STM32F4xx_HAL_Driver/Inc/Legacy -I../Drivers/CMSIS/Device/ST/STM32F4xx/Include -I../Drivers/CMSIS/Include -O0 -ffunction-sections -fdata-sections -Wall -fstack-usage -MMD -MP -MF"Core/Src/DSO_application.d" -MT"Core/Src/DSO_application.o" --specs=nano.specs -mfpu=fpv4-sp-d16 -mfloat-abi=hard -mthumb -o "Core/Src/DSO_application.o"
arm-none-eabi-gcc -o "DSO.elf" @"objects.list"   -mcpu=cortex-m4 -T"/home/gabriele/Documents/Progetto/Workspace/DSO/STM32F401RETX_FLASH.ld" --specs=nosys.specs -Wl,-Map="DSO.map" -Wl,--gc-sections -static --specs=nano.specs -mfpu=fpv4-sp-d16 -mfloat-abi=hard -mthumb -Wl,--start-group -lc -lm -Wl,--end-group
Finished building target: DSO.elf
 
arm-none-eabi-objdump -h -S  DSO.elf  > "DSO.list"
arm-none-eabi-objcopy  -O binary  DSO.elf  "DSO.bin"
arm-none-eabi-size   DSO.elf 
   text	   data	    bss	    dec	    hex	filename
  20048	     48	   4912	  25008	   61b0	DSO.elf
Finished building: default.size.stdout
 
Finished building: DSO.bin
 
Finished building: DSO.list
 
13:34:06 **** Incremental Build of configuration Debug for project DSO ****
make -j4 all 
arm-none-eabi-size   DSO.elf 
   text	   data	    bss	    dec	    hex	filename
  20048	     48	   4912	  25008	   61b0	DSO.elf
Finished building: default.size.stdout
 
13:35:05 **** Incremental Build of configuration Debug for project DSO ****
make -j4 all 
arm-none-eabi-size   DSO.elf 
   text	   data	    bss	    dec	    hex	filename
  20048	     48	   4912	  25008	   61b0	DSO.elf
Finished building: default.size.stdout
 
13:39:32 **** Incremental Build of configuration Debug for project DSO ****
make -j4 all 
arm-none-eabi-size   DSO.elf 
   text	   data	    bss	    dec	    hex	filename
  20048	     48	   4912	  25008	   61b0	DSO.elf
Finished building: default.size.stdout
 
13:40:49 **** Incremental Build of configuration Debug for project DSO ****
make -j4 all 
arm-none-eabi-gcc "../Core/Src/DSO_application.c" -mcpu=cortex-m4 -std=gnu11 -g3 -DUSE_HAL_DRIVER -DSTM32F401xE -DDEBUG -c -I../Core/Inc -I../Drivers/STM32F4xx_HAL_Driver/Inc -I../Drivers/STM32F4xx_HAL_Driver/Inc/Legacy -I../Drivers/CMSIS/Device/ST/STM32F4xx/Include -I../Drivers/CMSIS/Include -O0 -ffunction-sections -fdata-sections -Wall -fstack-usage -MMD -MP -MF"Core/Src/DSO_application.d" -MT"Core/Src/DSO_application.o" --specs=nano.specs -mfpu=fpv4-sp-d16 -mfloat-abi=hard -mthumb -o "Core/Src/DSO_application.o"
arm-none-eabi-gcc -o "DSO.elf" @"objects.list"   -mcpu=cortex-m4 -T"/home/gabriele/Documents/Progetto/Workspace/DSO/STM32F401RETX_FLASH.ld" --specs=nosys.specs -Wl,-Map="DSO.map" -Wl,--gc-sections -static --specs=nano.specs -mfpu=fpv4-sp-d16 -mfloat-abi=hard -mthumb -Wl,--start-group -lc -lm -Wl,--end-group
Finished building target: DSO.elf
 
arm-none-eabi-objdump -h -S  DSO.elf  > "DSO.list"
arm-none-eabi-objcopy  -O binary  DSO.elf  "DSO.bin"
arm-none-eabi-size   DSO.elf 
   text	   data	    bss	    dec	    hex	filename
  20036	     48	   4912	  24996	   61a4	DSO.elf
Finished building: default.size.stdout
Finished building: DSO.bin
 
 
Finished building: DSO.list
 
13:42:05 **** Incremental Build of configuration Debug for project DSO ****
make -j4 all 
arm-none-eabi-gcc "../Core/Src/DSO_application.c" -mcpu=cortex-m4 -std=gnu11 -g3 -DUSE_HAL_DRIVER -DSTM32F401xE -DDEBUG -c -I../Core/Inc -I../Drivers/STM32F4xx_HAL_Driver/Inc -I../Drivers/STM32F4xx_HAL_Driver/Inc/Legacy -I../Drivers/CMSIS/Device/ST/STM32F4xx/Include -I../Drivers/CMSIS/Include -O0 -ffunction-sections -fdata-sections -Wall -fstack-usage -MMD -MP -MF"Core/Src/DSO_application.d" -MT"Core/Src/DSO_application.o" --specs=nano.specs -mfpu=fpv4-sp-d16 -mfloat-abi=hard -mthumb -o "Core/Src/DSO_application.o"
arm-none-eabi-gcc -o "DSO.elf" @"objects.list"   -mcpu=cortex-m4 -T"/home/gabriele/Documents/Progetto/Workspace/DSO/STM32F401RETX_FLASH.ld" --specs=nosys.specs -Wl,-Map="DSO.map" -Wl,--gc-sections -static --specs=nano.specs -mfpu=fpv4-sp-d16 -mfloat-abi=hard -mthumb -Wl,--start-group -lc -lm -Wl,--end-group
Finished building target: DSO.elf
 
arm-none-eabi-objdump -h -S  DSO.elf  > "DSO.list"
arm-none-eabi-objcopy  -O binary  DSO.elf  "DSO.bin"
arm-none-eabi-size   DSO.elf 
   text	   data	    bss	    dec	    hex	filename
  20048	     48	   4912	  25008	   61b0	DSO.elf
Finished building: default.size.stdout
 
Finished building: DSO.bin
 
Finished building: DSO.list
 
