Archive member included to satisfy reference by file (symbol)

/opt/st/stm32cubeide_1.4.0/plugins/com.st.stm32cube.ide.mcu.externaltools.gnu-tools-for-stm32.7-2018-q2-update.linux64_1.4.0.202007081208/tools/bin/../lib/gcc/arm-none-eabi/7.3.1/../../../../arm-none-eabi/lib/thumb/v7e-m/fpv4-sp/hard/libc_nano.a(lib_a-errno.o)
                              Core/Src/syscalls.o (__errno)
/opt/st/stm32cubeide_1.4.0/plugins/com.st.stm32cube.ide.mcu.externaltools.gnu-tools-for-stm32.7-2018-q2-update.linux64_1.4.0.202007081208/tools/bin/../lib/gcc/arm-none-eabi/7.3.1/../../../../arm-none-eabi/lib/thumb/v7e-m/fpv4-sp/hard/libc_nano.a(lib_a-exit.o)
                              /opt/st/stm32cubeide_1.4.0/plugins/com.st.stm32cube.ide.mcu.externaltools.gnu-tools-for-stm32.7-2018-q2-update.linux64_1.4.0.202007081208/tools/bin/../lib/gcc/arm-none-eabi/7.3.1/../../../../arm-none-eabi/lib/thumb/v7e-m/fpv4-sp/hard/crt0.o (exit)
/opt/st/stm32cubeide_1.4.0/plugins/com.st.stm32cube.ide.mcu.externaltools.gnu-tools-for-stm32.7-2018-q2-update.linux64_1.4.0.202007081208/tools/bin/../lib/gcc/arm-none-eabi/7.3.1/../../../../arm-none-eabi/lib/thumb/v7e-m/fpv4-sp/hard/libc_nano.a(lib_a-impure.o)
                              /opt/st/stm32cubeide_1.4.0/plugins/com.st.stm32cube.ide.mcu.externaltools.gnu-tools-for-stm32.7-2018-q2-update.linux64_1.4.0.202007081208/tools/bin/../lib/gcc/arm-none-eabi/7.3.1/../../../../arm-none-eabi/lib/thumb/v7e-m/fpv4-sp/hard/libc_nano.a(lib_a-exit.o) (_global_impure_ptr)
/opt/st/stm32cubeide_1.4.0/plugins/com.st.stm32cube.ide.mcu.externaltools.gnu-tools-for-stm32.7-2018-q2-update.linux64_1.4.0.202007081208/tools/bin/../lib/gcc/arm-none-eabi/7.3.1/../../../../arm-none-eabi/lib/thumb/v7e-m/fpv4-sp/hard/libc_nano.a(lib_a-init.o)
                              /opt/st/stm32cubeide_1.4.0/plugins/com.st.stm32cube.ide.mcu.externaltools.gnu-tools-for-stm32.7-2018-q2-update.linux64_1.4.0.202007081208/tools/bin/../lib/gcc/arm-none-eabi/7.3.1/../../../../arm-none-eabi/lib/thumb/v7e-m/fpv4-sp/hard/crt0.o (__libc_init_array)
/opt/st/stm32cubeide_1.4.0/plugins/com.st.stm32cube.ide.mcu.externaltools.gnu-tools-for-stm32.7-2018-q2-update.linux64_1.4.0.202007081208/tools/bin/../lib/gcc/arm-none-eabi/7.3.1/../../../../arm-none-eabi/lib/thumb/v7e-m/fpv4-sp/hard/libc_nano.a(lib_a-memset.o)
                              /opt/st/stm32cubeide_1.4.0/plugins/com.st.stm32cube.ide.mcu.externaltools.gnu-tools-for-stm32.7-2018-q2-update.linux64_1.4.0.202007081208/tools/bin/../lib/gcc/arm-none-eabi/7.3.1/../../../../arm-none-eabi/lib/thumb/v7e-m/fpv4-sp/hard/crt0.o (memset)
/opt/st/stm32cubeide_1.4.0/plugins/com.st.stm32cube.ide.mcu.externaltools.gnu-tools-for-stm32.7-2018-q2-update.linux64_1.4.0.202007081208/tools/bin/../lib/gcc/arm-none-eabi/7.3.1/thumb/v7e-m/fpv4-sp/hard/libgcc.a(_aeabi_uldivmod.o)
                              Drivers/STM32F4xx_HAL_Driver/Src/stm32f4xx_hal_rcc.o (__aeabi_uldivmod)
/opt/st/stm32cubeide_1.4.0/plugins/com.st.stm32cube.ide.mcu.externaltools.gnu-tools-for-stm32.7-2018-q2-update.linux64_1.4.0.202007081208/tools/bin/../lib/gcc/arm-none-eabi/7.3.1/thumb/v7e-m/fpv4-sp/hard/libgcc.a(_udivmoddi4.o)
                              /opt/st/stm32cubeide_1.4.0/plugins/com.st.stm32cube.ide.mcu.externaltools.gnu-tools-for-stm32.7-2018-q2-update.linux64_1.4.0.202007081208/tools/bin/../lib/gcc/arm-none-eabi/7.3.1/thumb/v7e-m/fpv4-sp/hard/libgcc.a(_aeabi_uldivmod.o) (__udivmoddi4)
/opt/st/stm32cubeide_1.4.0/plugins/com.st.stm32cube.ide.mcu.externaltools.gnu-tools-for-stm32.7-2018-q2-update.linux64_1.4.0.202007081208/tools/bin/../lib/gcc/arm-none-eabi/7.3.1/thumb/v7e-m/fpv4-sp/hard/libgcc.a(_dvmd_tls.o)
                              /opt/st/stm32cubeide_1.4.0/plugins/com.st.stm32cube.ide.mcu.externaltools.gnu-tools-for-stm32.7-2018-q2-update.linux64_1.4.0.202007081208/tools/bin/../lib/gcc/arm-none-eabi/7.3.1/thumb/v7e-m/fpv4-sp/hard/libgcc.a(_aeabi_uldivmod.o) (__aeabi_ldiv0)

Allocating common symbols
Common symbol       size              file

uwTick              0x4               Drivers/STM32F4xx_HAL_Driver/Src/stm32f4xx_hal.o
pFlash              0x20              Drivers/STM32F4xx_HAL_Driver/Src/stm32f4xx_hal_flash.o
htim3               0x40              Core/Src/main.o
hadc1               0x48              Core/Src/main.o
huart2              0x40              Core/Src/main.o

Discarded input sections

 .text          0x0000000000000000        0x0 /opt/st/stm32cubeide_1.4.0/plugins/com.st.stm32cube.ide.mcu.externaltools.gnu-tools-for-stm32.7-2018-q2-update.linux64_1.4.0.202007081208/tools/bin/../lib/gcc/arm-none-eabi/7.3.1/thumb/v7e-m/fpv4-sp/hard/crti.o
 .data          0x0000000000000000        0x0 /opt/st/stm32cubeide_1.4.0/plugins/com.st.stm32cube.ide.mcu.externaltools.gnu-tools-for-stm32.7-2018-q2-update.linux64_1.4.0.202007081208/tools/bin/../lib/gcc/arm-none-eabi/7.3.1/thumb/v7e-m/fpv4-sp/hard/crti.o
[...]
Memory Configuration

Name             Origin             Length             Attributes
RAM              0x0000000020000000 0x0000000000018000 xrw
FLASH            0x0000000008000000 0x0000000000080000 xr
*default*        0x0000000000000000 0xffffffffffffffff

Linker script and memory map

LOAD /opt/st/stm32cubeide_1.4.0/plugins/com.st.stm32cube.ide.mcu.externaltools.gnu-tools-for-stm32.7-2018-q2-update.linux64_1.4.0.202007081208/tools/bin/../lib/gcc/arm-none-eabi/7.3.1/thumb/v7e-m/fpv4-sp/hard/crti.o
LOAD /opt/st/stm32cubeide_1.4.0/plugins/com.st.stm32cube.ide.mcu.externaltools.gnu-tools-for-stm32.7-2018-q2-update.linux64_1.4.0.202007081208/tools/bin/../lib/gcc/arm-none-eabi/7.3.1/thumb/v7e-m/fpv4-sp/hard/crtbegin.o
LOAD /opt/st/stm32cubeide_1.4.0/plugins/com.st.stm32cube.ide.mcu.externaltools.gnu-tools-for-stm32.7-2018-q2-update.linux64_1.4.0.202007081208/tools/bin/../lib/gcc/arm-none-eabi/7.3.1/../../../../arm-none-eabi/lib/thumb/v7e-m/fpv4-sp/hard/crt0.o
LOAD Core/Src/DSO_application.o
LOAD Core/Src/data_events.o
LOAD Core/Src/data_operation.o
LOAD Core/Src/main.o
LOAD Core/Src/serial.o
LOAD Core/Src/stm32f4xx_hal_msp.o
LOAD Core/Src/stm32f4xx_it.o
LOAD Core/Src/syscalls.o
LOAD Core/Src/sysmem.o
LOAD Core/Src/system_stm32f4xx.o
LOAD Core/Startup/startup_stm32f401retx.o
LOAD Drivers/STM32F4xx_HAL_Driver/Src/stm32f4xx_hal.o
LOAD Drivers/STM32F4xx_HAL_Driver/Src/stm32f4xx_hal_adc.o
LOAD Drivers/STM32F4xx_HAL_Driver/Src/stm32f4xx_hal_adc_ex.o
LOAD Drivers/STM32F4xx_HAL_Driver/Src/stm32f4xx_hal_cortex.o
LOAD Drivers/STM32F4xx_HAL_Driver/Src/stm32f4xx_hal_dma.o
LOAD Drivers/STM32F4xx_HAL_Driver/Src/stm32f4xx_hal_dma_ex.o
LOAD Drivers/STM32F4xx_HAL_Driver/Src/stm32f4xx_hal_exti.o
LOAD Drivers/STM32F4xx_HAL_Driver/Src/stm32f4xx_hal_flash.o
LOAD Drivers/STM32F4xx_HAL_Driver/Src/stm32f4xx_hal_flash_ex.o
LOAD Drivers/STM32F4xx_HAL_Driver/Src/stm32f4xx_hal_flash_ramfunc.o
LOAD Drivers/STM32F4xx_HAL_Driver/Src/stm32f4xx_hal_gpio.o
LOAD Drivers/STM32F4xx_HAL_Driver/Src/stm32f4xx_hal_pwr.o
LOAD Drivers/STM32F4xx_HAL_Driver/Src/stm32f4xx_hal_pwr_ex.o
LOAD Drivers/STM32F4xx_HAL_Driver/Src/stm32f4xx_hal_rcc.o
LOAD Drivers/STM32F4xx_HAL_Driver/Src/stm32f4xx_hal_rcc_ex.o
LOAD Drivers/STM32F4xx_HAL_Driver/Src/stm32f4xx_hal_tim.o
LOAD Drivers/STM32F4xx_HAL_Driver/Src/stm32f4xx_hal_tim_ex.o
LOAD Drivers/STM32F4xx_HAL_Driver/Src/stm32f4xx_hal_uart.o
START GROUP
LOAD /opt/st/stm32cubeide_1.4.0/plugins/com.st.stm32cube.ide.mcu.externaltools.gnu-tools-for-stm32.7-2018-q2-update.linux64_1.4.0.202007081208/tools/bin/../lib/gcc/arm-none-eabi/7.3.1/../../../../arm-none-eabi/lib/thumb/v7e-m/fpv4-sp/hard/libc_nano.a
LOAD /opt/st/stm32cubeide_1.4.0/plugins/com.st.stm32cube.ide.mcu.externaltools.gnu-tools-for-stm32.7-2018-q2-update.linux64_1.4.0.202007081208/tools/bin/../lib/gcc/arm-none-eabi/7.3.1/../../../../arm-none-eabi/lib/thumb/v7e-m/fpv4-sp/hard/libm.a
END GROUP
START GROUP
LOAD /opt/st/stm32cubeide_1.4.0/plugins/com.st.stm32cube.ide.mcu.externaltools.gnu-tools-for-stm32.7-2018-q2-update.linux64_1.4.0.202007081208/tools/bin/../lib/gcc/arm-none-eabi/7.3.1/thumb/v7e-m/fpv4-sp/hard/libgcc.a
LOAD /opt/st/stm32cubeide_1.4.0/plugins/com.st.stm32cube.ide.mcu.externaltools.gnu-tools-for-stm32.7-2018-q2-update.linux64_1.4.0.202007081208/tools/bin/../lib/gcc/arm-none-eabi/7.3.1/../../../../arm-none-eabi/lib/thumb/v7e-m/fpv4-sp/hard/libc_nano.a
END GROUP
START GROUP
LOAD /opt/st/stm32cubeide_1.4.0/plugins/com.st.stm32cube.ide.mcu.externaltools.gnu-tools-for-stm32.7-2018-q2-update.linux64_1.4.0.202007081208/tools/bin/../lib/gcc/arm-none-eabi/7.3.1/thumb/v7e-m/fpv4-sp/hard/libgcc.a
LOAD /opt/st/stm32cubeide_1.4.0/plugins/com.st.stm32cube.ide.mcu.externaltools.gnu-tools-for-stm32.7-2018-q2-update.linux64_1.4.0.202007081208/tools/bin/../lib/gcc/arm-none-eabi/7.3.1/../../../../arm-none-eabi/lib/thumb/v7e-m/fpv4-sp/hard/libc_nano.a
LOAD /opt/st/stm32cubeide_1.4.0/plugins/com.st.stm32cube.ide.mcu.externaltools.gnu-tools-for-stm32.7-2018-q2-update.linux64_1.4.0.202007081208/tools/bin/../lib/gcc/arm-none-eabi/7.3.1/../../../../arm-none-eabi/lib/thumb/v7e-m/fpv4-sp/hard/libnosys.a
END GROUP
START GROUP
LOAD /opt/st/stm32cubeide_1.4.0/plugins/com.st.stm32cube.ide.mcu.externaltools.gnu-tools-for-stm32.7-2018-q2-update.linux64_1.4.0.202007081208/tools/bin/../lib/gcc/arm-none-eabi/7.3.1/thumb/v7e-m/fpv4-sp/hard/libgcc.a
LOAD /opt/st/stm32cubeide_1.4.0/plugins/com.st.stm32cube.ide.mcu.externaltools.gnu-tools-for-stm32.7-2018-q2-update.linux64_1.4.0.202007081208/tools/bin/../lib/gcc/arm-none-eabi/7.3.1/../../../../arm-none-eabi/lib/thumb/v7e-m/fpv4-sp/hard/libc_nano.a
LOAD /opt/st/stm32cubeide_1.4.0/plugins/com.st.stm32cube.ide.mcu.externaltools.gnu-tools-for-stm32.7-2018-q2-update.linux64_1.4.0.202007081208/tools/bin/../lib/gcc/arm-none-eabi/7.3.1/../../../../arm-none-eabi/lib/thumb/v7e-m/fpv4-sp/hard/libnosys.a
END GROUP
LOAD /opt/st/stm32cubeide_1.4.0/plugins/com.st.stm32cube.ide.mcu.externaltools.gnu-tools-for-stm32.7-2018-q2-update.linux64_1.4.0.202007081208/tools/bin/../lib/gcc/arm-none-eabi/7.3.1/thumb/v7e-m/fpv4-sp/hard/crtend.o
LOAD /opt/st/stm32cubeide_1.4.0/plugins/com.st.stm32cube.ide.mcu.externaltools.gnu-tools-for-stm32.7-2018-q2-update.linux64_1.4.0.202007081208/tools/bin/../lib/gcc/arm-none-eabi/7.3.1/thumb/v7e-m/fpv4-sp/hard/crtn.o
                0x0000000020018000                _estack = (ORIGIN (RAM) + LENGTH (RAM))
                0x0000000000000200                _Min_Heap_Size = 0x200
                0x0000000000000400                _Min_Stack_Size = 0x400

.isr_vector     0x0000000008000000      0x194
                0x0000000008000000                . = ALIGN (0x4)
 *(.isr_vector)
 .isr_vector    0x0000000008000000      0x194 Core/Startup/startup_stm32f401retx.o
                0x0000000008000000                g_pfnVectors
                0x0000000008000194                . = ALIGN (0x4)

.text           0x0000000008000194     0x4c9c
                0x0000000008000194                . = ALIGN (0x4)
 *(.text)
 .text          0x0000000008000194       0x40 /opt/st/stm32cubeide_1.4.0/plugins/com.st.stm32cube.ide.mcu.externaltools.gnu-tools-for-stm32.7-2018-q2-update.linux64_1.4.0.202007081208/tools/bin/../lib/gcc/arm-none-eabi/7.3.1/thumb/v7e-m/fpv4-sp/hard/crtbegin.o
 .text          0x00000000080001d4       0x30 /opt/st/stm32cubeide_1.4.0/plugins/com.st.stm32cube.ide.mcu.externaltools.gnu-tools-for-stm32.7-2018-q2-update.linux64_1.4.0.202007081208/tools/bin/../lib/gcc/arm-none-eabi/7.3.1/thumb/v7e-m/fpv4-sp/hard/libgcc.a(_aeabi_uldivmod.o)
                0x00000000080001d4                __aeabi_uldivmod
 .text          0x0000000008000204      0x2cc /opt/st/stm32cubeide_1.4.0/plugins/com.st.stm32cube.ide.mcu.externaltools.gnu-tools-for-stm32.7-2018-q2-update.linux64_1.4.0.202007081208/tools/bin/../lib/gcc/arm-none-eabi/7.3.1/thumb/v7e-m/fpv4-sp/hard/libgcc.a(_udivmoddi4.o)
                0x0000000008000204                __udivmoddi4
 .text          0x00000000080004d0        0x4 /opt/st/stm32cubeide_1.4.0/plugins/com.st.stm32cube.ide.mcu.externaltools.gnu-tools-for-stm32.7-2018-q2-update.linux64_1.4.0.202007081208/tools/bin/../lib/gcc/arm-none-eabi/7.3.1/thumb/v7e-m/fpv4-sp/hard/libgcc.a(_dvmd_tls.o)
                0x00000000080004d0                __aeabi_ldiv0
                0x00000000080004d0                __aeabi_idiv0
 *(.text*)
 .text.DSO_UserCode
                0x00000000080004d4      0x37c Core/Src/DSO_application.o
                0x00000000080004d4                DSO_UserCode
 .text.DSO_StartRX
                0x0000000008000850       0x28 Core/Src/DSO_application.o
                0x0000000008000850                DSO_StartRX
 .text.HAL_UART_TxCpltCallback
                0x0000000008000878       0x78 Core/Src/DSO_application.o
                0x0000000008000878                HAL_UART_TxCpltCallback
 .text.HAL_UART_RxCpltCallback
                0x00000000080008f0      0x188 Core/Src/DSO_application.o
                0x00000000080008f0                HAL_UART_RxCpltCallback
 .text.HAL_UART_ErrorCallback
                0x0000000008000a78       0x14 Core/Src/DSO_application.o
                0x0000000008000a78                HAL_UART_ErrorCallback
 .text.HAL_ADC_ConvCpltCallback
                0x0000000008000a8c      0x218 Core/Src/DSO_application.o
                0x0000000008000a8c                HAL_ADC_ConvCpltCallback
 .text.HAL_ADCEx_InjectedConvCpltCallback
                0x0000000008000ca4      0x190 Core/Src/DSO_application.o
                0x0000000008000ca4                HAL_ADCEx_InjectedConvCpltCallback
 .text.HAL_ADC_ErrorCallback
                0x0000000008000e34       0x14 Core/Src/DSO_application.o
                0x0000000008000e34                HAL_ADC_ErrorCallback
 .text.isTrigger
                0x0000000008000e48       0xf4 Core/Src/DSO_application.o
 .text.DE_SystemEnable
                0x0000000008000f3c       0x18 Core/Src/data_events.o
                0x0000000008000f3c                DE_SystemEnable
 .text.DE_SystemDisable
                0x0000000008000f54       0x18 Core/Src/data_events.o
                0x0000000008000f54                DE_SystemDisable
 .text.DE_GetSystemStatus
                0x0000000008000f6c       0x18 Core/Src/data_events.o
                0x0000000008000f6c                DE_GetSystemStatus
 .text.DE_SetTriggerAsDetected
                0x0000000008000f84       0x18 Core/Src/data_events.o
                0x0000000008000f84                DE_SetTriggerAsDetected
 .text.DE_GetTriggerStatus
                0x0000000008000f9c       0x18 Core/Src/data_events.o
                0x0000000008000f9c                DE_GetTriggerStatus
 .text.DE_SetTriggerAsUndetected
                0x0000000008000fb4       0x18 Core/Src/data_events.o
                0x0000000008000fb4                DE_SetTriggerAsUndetected
 .text.DE_SetBufferAsFull
                0x0000000008000fcc       0x40 Core/Src/data_events.o
                0x0000000008000fcc                DE_SetBufferAsFull
 .text.DE_GetBufferStatus
                0x000000000800100c       0x38 Core/Src/data_events.o
                0x000000000800100c                DE_GetBufferStatus
 .text.DE_SetBufferAsEmpty
                0x0000000008001044       0x40 Core/Src/data_events.o
                0x0000000008001044                DE_SetBufferAsEmpty
 .text.DE_GetActiveBuffer
                0x0000000008001084       0x18 Core/Src/data_events.o
                0x0000000008001084                DE_GetActiveBuffer
 .text.DE_SetActiveBuffer
                0x000000000800109c       0x30 Core/Src/data_events.o
                0x000000000800109c                DE_SetActiveBuffer
 .text.DE_SetBlockStatus
                0x00000000080010cc       0x58 Core/Src/data_events.o
                0x00000000080010cc                DE_SetBlockStatus
 .text.DE_GetBlockStatus
                0x0000000008001124       0x38 Core/Src/data_events.o
                0x0000000008001124                DE_GetBlockStatus
 .text.DO_BufferLeftShift
                0x000000000800115c       0x58 Core/Src/data_operation.o
                0x000000000800115c                DO_BufferLeftShift
 .text.DO_BufferRightShift
                0x00000000080011b4       0x56 Core/Src/data_operation.o
                0x00000000080011b4                DO_BufferRightShift
 *fill*         0x000000000800120a        0x2 
 .text.main     0x000000000800120c       0x60 Core/Src/main.o
                0x000000000800120c                main
 .text.SystemClock_Config
                0x000000000800126c       0xd8 Core/Src/main.o
                0x000000000800126c                SystemClock_Config
 .text.MX_ADC1_Init
                0x0000000008001344       0xf4 Core/Src/main.o
 .text.MX_TIM3_Init
                0x0000000008001438       0xe8 Core/Src/main.o
 .text.MX_USART2_UART_Init
                0x0000000008001520       0x54 Core/Src/main.o
 .text.MX_GPIO_Init
                0x0000000008001574       0x64 Core/Src/main.o
 .text.Error_Handler
                0x00000000080015d8       0x14 Core/Src/main.o
                0x00000000080015d8                Error_Handler
 .text.SER_GetRxState
                0x00000000080015ec       0x18 Core/Src/serial.o
                0x00000000080015ec                SER_GetRxState
 .text.SER_GetTxState
                0x0000000008001604       0x18 Core/Src/serial.o
                0x0000000008001604                SER_GetTxState
 .text.SER_SetRxState
                0x000000000800161c       0x50 Core/Src/serial.o
                0x000000000800161c                SER_SetRxState
 .text.SER_SetTxState
                0x000000000800166c       0x30 Core/Src/serial.o
                0x000000000800166c                SER_SetTxState
 .text.HAL_MspInit
                0x000000000800169c       0x50 Core/Src/stm32f4xx_hal_msp.o
                0x000000000800169c                HAL_MspInit
 .text.HAL_ADC_MspInit
                0x00000000080016ec       0x98 Core/Src/stm32f4xx_hal_msp.o
                0x00000000080016ec                HAL_ADC_MspInit
 .text.HAL_TIM_Base_MspInit
                0x0000000008001784       0x44 Core/Src/stm32f4xx_hal_msp.o
                0x0000000008001784                HAL_TIM_Base_MspInit
 .text.HAL_UART_MspInit
                0x00000000080017c8       0xa0 Core/Src/stm32f4xx_hal_msp.o
                0x00000000080017c8                HAL_UART_MspInit
 .text.NMI_Handler
                0x0000000008001868        0xe Core/Src/stm32f4xx_it.o
                0x0000000008001868                NMI_Handler
 .text.HardFault_Handler
                0x0000000008001876        0x6 Core/Src/stm32f4xx_it.o
                0x0000000008001876                HardFault_Handler
 .text.MemManage_Handler
                0x000000000800187c        0x6 Core/Src/stm32f4xx_it.o
                0x000000000800187c                MemManage_Handler
 .text.BusFault_Handler
                0x0000000008001882        0x6 Core/Src/stm32f4xx_it.o
                0x0000000008001882                BusFault_Handler
 .text.UsageFault_Handler
                0x0000000008001888        0x6 Core/Src/stm32f4xx_it.o
                0x0000000008001888                UsageFault_Handler
 .text.SVC_Handler
                0x000000000800188e        0xe Core/Src/stm32f4xx_it.o
                0x000000000800188e                SVC_Handler
 .text.DebugMon_Handler
                0x000000000800189c        0xe Core/Src/stm32f4xx_it.o
                0x000000000800189c                DebugMon_Handler
 .text.PendSV_Handler
                0x00000000080018aa        0xe Core/Src/stm32f4xx_it.o
                0x00000000080018aa                PendSV_Handler
 .text.SysTick_Handler
                0x00000000080018b8        0xc Core/Src/stm32f4xx_it.o
                0x00000000080018b8                SysTick_Handler
 .text.ADC_IRQHandler
                0x00000000080018c4       0x14 Core/Src/stm32f4xx_it.o
                0x00000000080018c4                ADC_IRQHandler
 .text.USART2_IRQHandler
                0x00000000080018d8       0x14 Core/Src/stm32f4xx_it.o
                0x00000000080018d8                USART2_IRQHandler
 .text.SystemInit
                0x00000000080018ec       0x2c Core/Src/system_stm32f4xx.o
                0x00000000080018ec                SystemInit
 .text.Reset_Handler
                0x0000000008001918       0x50 Core/Startup/startup_stm32f401retx.o
                0x0000000008001918                Reset_Handler
 .text.Default_Handler
                0x0000000008001968        0x2 Core/Startup/startup_stm32f401retx.o
                0x0000000008001968                RTC_Alarm_IRQHandler
                0x0000000008001968                EXTI2_IRQHandler
                0x0000000008001968                SPI4_IRQHandler
                0x0000000008001968                TIM1_CC_IRQHandler
                0x0000000008001968                DMA2_Stream5_IRQHandler
                0x0000000008001968                DMA1_Stream5_IRQHandler
                0x0000000008001968                PVD_IRQHandler
                0x0000000008001968                SDIO_IRQHandler
                0x0000000008001968                TAMP_STAMP_IRQHandler
                0x0000000008001968                EXTI3_IRQHandler
                0x0000000008001968                TIM1_UP_TIM10_IRQHandler
                0x0000000008001968                I2C3_ER_IRQHandler
                0x0000000008001968                EXTI0_IRQHandler
                0x0000000008001968                I2C2_EV_IRQHandler
                0x0000000008001968                DMA1_Stream2_IRQHandler
                0x0000000008001968                FPU_IRQHandler
                0x0000000008001968                DMA2_Stream2_IRQHandler
                0x0000000008001968                SPI1_IRQHandler
                0x0000000008001968                TIM1_BRK_TIM9_IRQHandler
                0x0000000008001968                DMA2_Stream3_IRQHandler
                0x0000000008001968                USART6_IRQHandler
                0x0000000008001968                DMA2_Stream0_IRQHandler
                0x0000000008001968                TIM4_IRQHandler
                0x0000000008001968                I2C1_EV_IRQHandler
                0x0000000008001968                DMA1_Stream6_IRQHandler
                0x0000000008001968                DMA1_Stream1_IRQHandler
                0x0000000008001968                TIM3_IRQHandler
                0x0000000008001968                RCC_IRQHandler
                0x0000000008001968                Default_Handler
                0x0000000008001968                EXTI15_10_IRQHandler
                0x0000000008001968                DMA1_Stream7_IRQHandler
                0x0000000008001968                TIM5_IRQHandler
                0x0000000008001968                DMA2_Stream7_IRQHandler
                0x0000000008001968                I2C3_EV_IRQHandler
                0x0000000008001968                EXTI9_5_IRQHandler
                0x0000000008001968                RTC_WKUP_IRQHandler
                0x0000000008001968                SPI2_IRQHandler
                0x0000000008001968                DMA1_Stream0_IRQHandler
                0x0000000008001968                EXTI4_IRQHandler
                0x0000000008001968                WWDG_IRQHandler
                0x0000000008001968                TIM2_IRQHandler
                0x0000000008001968                OTG_FS_WKUP_IRQHandler
                0x0000000008001968                TIM1_TRG_COM_TIM11_IRQHandler
                0x0000000008001968                EXTI1_IRQHandler
                0x0000000008001968                I2C2_ER_IRQHandler
                0x0000000008001968                DMA2_Stream1_IRQHandler
                0x0000000008001968                FLASH_IRQHandler
                0x0000000008001968                DMA2_Stream4_IRQHandler
                0x0000000008001968                USART1_IRQHandler
                0x0000000008001968                OTG_FS_IRQHandler
                0x0000000008001968                SPI3_IRQHandler
                0x0000000008001968                DMA1_Stream4_IRQHandler
                0x0000000008001968                I2C1_ER_IRQHandler
                0x0000000008001968                DMA2_Stream6_IRQHandler
                0x0000000008001968                DMA1_Stream3_IRQHandler
 *fill*         0x000000000800196a        0x2 
 .text.HAL_Init
                0x000000000800196c       0x44 Drivers/STM32F4xx_HAL_Driver/Src/stm32f4xx_hal.o
                0x000000000800196c                HAL_Init
 .text.HAL_InitTick
                0x00000000080019b0       0x60 Drivers/STM32F4xx_HAL_Driver/Src/stm32f4xx_hal.o
                0x00000000080019b0                HAL_InitTick
 .text.HAL_IncTick
                0x0000000008001a10       0x28 Drivers/STM32F4xx_HAL_Driver/Src/stm32f4xx_hal.o
                0x0000000008001a10                HAL_IncTick
 .text.HAL_GetTick
                0x0000000008001a38       0x18 Drivers/STM32F4xx_HAL_Driver/Src/stm32f4xx_hal.o
                0x0000000008001a38                HAL_GetTick
 .text.HAL_ADC_Init
                0x0000000008001a50       0x86 Drivers/STM32F4xx_HAL_Driver/Src/stm32f4xx_hal_adc.o
                0x0000000008001a50                HAL_ADC_Init
 *fill*         0x0000000008001ad6        0x2 
 .text.HAL_ADC_Start_IT
                0x0000000008001ad8      0x160 Drivers/STM32F4xx_HAL_Driver/Src/stm32f4xx_hal_adc.o
                0x0000000008001ad8                HAL_ADC_Start_IT
 .text.HAL_ADC_IRQHandler
                0x0000000008001c38      0x282 Drivers/STM32F4xx_HAL_Driver/Src/stm32f4xx_hal_adc.o
                0x0000000008001c38                HAL_ADC_IRQHandler
 .text.HAL_ADC_GetValue
                0x0000000008001eba       0x1a Drivers/STM32F4xx_HAL_Driver/Src/stm32f4xx_hal_adc.o
                0x0000000008001eba                HAL_ADC_GetValue
 .text.HAL_ADC_LevelOutOfWindowCallback
                0x0000000008001ed4       0x14 Drivers/STM32F4xx_HAL_Driver/Src/stm32f4xx_hal_adc.o
                0x0000000008001ed4                HAL_ADC_LevelOutOfWindowCallback
 .text.HAL_ADC_ConfigChannel
                0x0000000008001ee8      0x244 Drivers/STM32F4xx_HAL_Driver/Src/stm32f4xx_hal_adc.o
                0x0000000008001ee8                HAL_ADC_ConfigChannel
 .text.ADC_Init
                0x000000000800212c      0x1f8 Drivers/STM32F4xx_HAL_Driver/Src/stm32f4xx_hal_adc.o
 .text.HAL_ADCEx_InjectedStart_IT
                0x0000000008002324      0x18c Drivers/STM32F4xx_HAL_Driver/Src/stm32f4xx_hal_adc_ex.o
                0x0000000008002324                HAL_ADCEx_InjectedStart_IT
 .text.HAL_ADCEx_InjectedGetValue
                0x00000000080024b0       0x70 Drivers/STM32F4xx_HAL_Driver/Src/stm32f4xx_hal_adc_ex.o
                0x00000000080024b0                HAL_ADCEx_InjectedGetValue
 .text.HAL_ADCEx_InjectedConfigChannel
                0x0000000008002520      0x328 Drivers/STM32F4xx_HAL_Driver/Src/stm32f4xx_hal_adc_ex.o
                0x0000000008002520                HAL_ADCEx_InjectedConfigChannel
 .text.__NVIC_SetPriorityGrouping
                0x0000000008002848       0x48 Drivers/STM32F4xx_HAL_Driver/Src/stm32f4xx_hal_cortex.o
 .text.__NVIC_GetPriorityGrouping
                0x0000000008002890       0x1c Drivers/STM32F4xx_HAL_Driver/Src/stm32f4xx_hal_cortex.o
 .text.__NVIC_EnableIRQ
                0x00000000080028ac       0x3c Drivers/STM32F4xx_HAL_Driver/Src/stm32f4xx_hal_cortex.o
 .text.__NVIC_SetPriority
                0x00000000080028e8       0x54 Drivers/STM32F4xx_HAL_Driver/Src/stm32f4xx_hal_cortex.o
 .text.NVIC_EncodePriority
                0x000000000800293c       0x66 Drivers/STM32F4xx_HAL_Driver/Src/stm32f4xx_hal_cortex.o
 *fill*         0x00000000080029a2        0x2 
 .text.SysTick_Config
                0x00000000080029a4       0x44 Drivers/STM32F4xx_HAL_Driver/Src/stm32f4xx_hal_cortex.o
 .text.HAL_NVIC_SetPriorityGrouping
                0x00000000080029e8       0x16 Drivers/STM32F4xx_HAL_Driver/Src/stm32f4xx_hal_cortex.o
                0x00000000080029e8                HAL_NVIC_SetPriorityGrouping
 .text.HAL_NVIC_SetPriority
                0x00000000080029fe       0x38 Drivers/STM32F4xx_HAL_Driver/Src/stm32f4xx_hal_cortex.o
                0x00000000080029fe                HAL_NVIC_SetPriority
 .text.HAL_NVIC_EnableIRQ
                0x0000000008002a36       0x1c Drivers/STM32F4xx_HAL_Driver/Src/stm32f4xx_hal_cortex.o
                0x0000000008002a36                HAL_NVIC_EnableIRQ
 .text.HAL_SYSTICK_Config
                0x0000000008002a52       0x18 Drivers/STM32F4xx_HAL_Driver/Src/stm32f4xx_hal_cortex.o
                0x0000000008002a52                HAL_SYSTICK_Config
 .text.HAL_DMA_Abort_IT
                0x0000000008002a6a       0x44 Drivers/STM32F4xx_HAL_Driver/Src/stm32f4xx_hal_dma.o
                0x0000000008002a6a                HAL_DMA_Abort_IT
 *fill*         0x0000000008002aae        0x2 
 .text.HAL_GPIO_Init
                0x0000000008002ab0      0x304 Drivers/STM32F4xx_HAL_Driver/Src/stm32f4xx_hal_gpio.o
                0x0000000008002ab0                HAL_GPIO_Init
 .text.HAL_GPIO_WritePin
                0x0000000008002db4       0x32 Drivers/STM32F4xx_HAL_Driver/Src/stm32f4xx_hal_gpio.o
                0x0000000008002db4                HAL_GPIO_WritePin
 *fill*         0x0000000008002de6        0x2 
 .text.HAL_RCC_OscConfig
                0x0000000008002de8      0x4e0 Drivers/STM32F4xx_HAL_Driver/Src/stm32f4xx_hal_rcc.o
                0x0000000008002de8                HAL_RCC_OscConfig
 .text.HAL_RCC_ClockConfig
                0x00000000080032c8      0x1cc Drivers/STM32F4xx_HAL_Driver/Src/stm32f4xx_hal_rcc.o
                0x00000000080032c8                HAL_RCC_ClockConfig
 .text.HAL_RCC_GetSysClockFreq
                0x0000000008003494      0x164 Drivers/STM32F4xx_HAL_Driver/Src/stm32f4xx_hal_rcc.o
                0x0000000008003494                HAL_RCC_GetSysClockFreq
 .text.HAL_RCC_GetHCLKFreq
                0x00000000080035f8       0x18 Drivers/STM32F4xx_HAL_Driver/Src/stm32f4xx_hal_rcc.o
                0x00000000080035f8                HAL_RCC_GetHCLKFreq
 .text.HAL_RCC_GetPCLK1Freq
                0x0000000008003610       0x28 Drivers/STM32F4xx_HAL_Driver/Src/stm32f4xx_hal_rcc.o
                0x0000000008003610                HAL_RCC_GetPCLK1Freq
 .text.HAL_RCC_GetPCLK2Freq
                0x0000000008003638       0x28 Drivers/STM32F4xx_HAL_Driver/Src/stm32f4xx_hal_rcc.o
                0x0000000008003638                HAL_RCC_GetPCLK2Freq
 .text.HAL_TIM_Base_Init
                0x0000000008003660       0x56 Drivers/STM32F4xx_HAL_Driver/Src/stm32f4xx_hal_tim.o
                0x0000000008003660                HAL_TIM_Base_Init
 .text.HAL_TIM_OC_Init
                0x00000000080036b6       0x56 Drivers/STM32F4xx_HAL_Driver/Src/stm32f4xx_hal_tim.o
                0x00000000080036b6                HAL_TIM_OC_Init
 .text.HAL_TIM_OC_MspInit
                0x000000000800370c       0x14 Drivers/STM32F4xx_HAL_Driver/Src/stm32f4xx_hal_tim.o
                0x000000000800370c                HAL_TIM_OC_MspInit
 .text.HAL_TIM_OC_Start_IT
                0x0000000008003720       0xf0 Drivers/STM32F4xx_HAL_Driver/Src/stm32f4xx_hal_tim.o
                0x0000000008003720                HAL_TIM_OC_Start_IT
 .text.HAL_TIM_OC_ConfigChannel
                0x0000000008003810       0xc0 Drivers/STM32F4xx_HAL_Driver/Src/stm32f4xx_hal_tim.o
                0x0000000008003810                HAL_TIM_OC_ConfigChannel
 .text.HAL_TIM_ConfigClockSource
                0x00000000080038d0      0x16e Drivers/STM32F4xx_HAL_Driver/Src/stm32f4xx_hal_tim.o
                0x00000000080038d0                HAL_TIM_ConfigClockSource
 *fill*         0x0000000008003a3e        0x2 
 .text.TIM_Base_SetConfig
                0x0000000008003a40      0x100 Drivers/STM32F4xx_HAL_Driver/Src/stm32f4xx_hal_tim.o
                0x0000000008003a40                TIM_Base_SetConfig
 .text.TIM_OC1_SetConfig
                0x0000000008003b40       0xcc Drivers/STM32F4xx_HAL_Driver/Src/stm32f4xx_hal_tim.o
 .text.TIM_OC2_SetConfig
                0x0000000008003c0c       0xd8 Drivers/STM32F4xx_HAL_Driver/Src/stm32f4xx_hal_tim.o
                0x0000000008003c0c                TIM_OC2_SetConfig
 .text.TIM_OC3_SetConfig
                0x0000000008003ce4       0xd4 Drivers/STM32F4xx_HAL_Driver/Src/stm32f4xx_hal_tim.o
 .text.TIM_OC4_SetConfig
                0x0000000008003db8       0xa0 Drivers/STM32F4xx_HAL_Driver/Src/stm32f4xx_hal_tim.o
 .text.TIM_TI1_ConfigInputStage
                0x0000000008003e58       0x5e Drivers/STM32F4xx_HAL_Driver/Src/stm32f4xx_hal_tim.o
 .text.TIM_TI2_ConfigInputStage
                0x0000000008003eb6       0x60 Drivers/STM32F4xx_HAL_Driver/Src/stm32f4xx_hal_tim.o
 .text.TIM_ITRx_SetConfig
                0x0000000008003f16       0x36 Drivers/STM32F4xx_HAL_Driver/Src/stm32f4xx_hal_tim.o
 .text.TIM_ETR_SetConfig
                0x0000000008003f4c       0x40 Drivers/STM32F4xx_HAL_Driver/Src/stm32f4xx_hal_tim.o
                0x0000000008003f4c                TIM_ETR_SetConfig
 .text.TIM_CCxChannelCmd
                0x0000000008003f8c       0x4a Drivers/STM32F4xx_HAL_Driver/Src/stm32f4xx_hal_tim.o
                0x0000000008003f8c                TIM_CCxChannelCmd
 *fill*         0x0000000008003fd6        0x2 
 .text.HAL_TIMEx_MasterConfigSynchronization
                0x0000000008003fd8       0xdc Drivers/STM32F4xx_HAL_Driver/Src/stm32f4xx_hal_tim_ex.o
                0x0000000008003fd8                HAL_TIMEx_MasterConfigSynchronization
 .text.HAL_UART_Init
                0x00000000080040b4       0x9a Drivers/STM32F4xx_HAL_Driver/Src/stm32f4xx_hal_uart.o
                0x00000000080040b4                HAL_UART_Init
 .text.HAL_UART_Transmit_IT
                0x000000000800414e       0x8a Drivers/STM32F4xx_HAL_Driver/Src/stm32f4xx_hal_uart.o
                0x000000000800414e                HAL_UART_Transmit_IT
 .text.HAL_UART_Receive_IT
                0x00000000080041d8       0xaa Drivers/STM32F4xx_HAL_Driver/Src/stm32f4xx_hal_uart.o
                0x00000000080041d8                HAL_UART_Receive_IT
 *fill*         0x0000000008004282        0x2 
 .text.HAL_UART_IRQHandler
                0x0000000008004284      0x200 Drivers/STM32F4xx_HAL_Driver/Src/stm32f4xx_hal_uart.o
                0x0000000008004284                HAL_UART_IRQHandler
 .text.UART_EndRxTransfer
                0x0000000008004484       0x3c Drivers/STM32F4xx_HAL_Driver/Src/stm32f4xx_hal_uart.o
 .text.UART_DMAAbortOnError
                0x00000000080044c0       0x28 Drivers/STM32F4xx_HAL_Driver/Src/stm32f4xx_hal_uart.o
 .text.UART_Transmit_IT
                0x00000000080044e8       0xac Drivers/STM32F4xx_HAL_Driver/Src/stm32f4xx_hal_uart.o
 .text.UART_EndTransmit_IT
                0x0000000008004594       0x30 Drivers/STM32F4xx_HAL_Driver/Src/stm32f4xx_hal_uart.o
 .text.UART_Receive_IT
                0x00000000080045c4      0x102 Drivers/STM32F4xx_HAL_Driver/Src/stm32f4xx_hal_uart.o
 *fill*         0x00000000080046c6        0x2 
 .text.UART_SetConfig
                0x00000000080046c8      0x6f8 Drivers/STM32F4xx_HAL_Driver/Src/stm32f4xx_hal_uart.o
 .text.__libc_init_array
                0x0000000008004dc0       0x48 /opt/st/stm32cubeide_1.4.0/plugins/com.st.stm32cube.ide.mcu.externaltools.gnu-tools-for-stm32.7-2018-q2-update.linux64_1.4.0.202007081208/tools/bin/../lib/gcc/arm-none-eabi/7.3.1/../../../../arm-none-eabi/lib/thumb/v7e-m/fpv4-sp/hard/libc_nano.a(lib_a-init.o)
                0x0000000008004dc0                __libc_init_array
 .text.memset   0x0000000008004e08       0x10 /opt/st/stm32cubeide_1.4.0/plugins/com.st.stm32cube.ide.mcu.externaltools.gnu-tools-for-stm32.7-2018-q2-update.linux64_1.4.0.202007081208/tools/bin/../lib/gcc/arm-none-eabi/7.3.1/../../../../arm-none-eabi/lib/thumb/v7e-m/fpv4-sp/hard/libc_nano.a(lib_a-memset.o)
                0x0000000008004e08                memset
 *(.glue_7)
 .glue_7        0x0000000008004e18        0x0 linker stubs
 *(.glue_7t)
 .glue_7t       0x0000000008004e18        0x0 linker stubs
 *(.eh_frame)
 .eh_frame      0x0000000008004e18        0x0 /opt/st/stm32cubeide_1.4.0/plugins/com.st.stm32cube.ide.mcu.externaltools.gnu-tools-for-stm32.7-2018-q2-update.linux64_1.4.0.202007081208/tools/bin/../lib/gcc/arm-none-eabi/7.3.1/thumb/v7e-m/fpv4-sp/hard/crtbegin.o
 *(.init)
 .init          0x0000000008004e18        0x4 /opt/st/stm32cubeide_1.4.0/plugins/com.st.stm32cube.ide.mcu.externaltools.gnu-tools-for-stm32.7-2018-q2-update.linux64_1.4.0.202007081208/tools/bin/../lib/gcc/arm-none-eabi/7.3.1/thumb/v7e-m/fpv4-sp/hard/crti.o
                0x0000000008004e18                _init
 .init          0x0000000008004e1c        0x8 /opt/st/stm32cubeide_1.4.0/plugins/com.st.stm32cube.ide.mcu.externaltools.gnu-tools-for-stm32.7-2018-q2-update.linux64_1.4.0.202007081208/tools/bin/../lib/gcc/arm-none-eabi/7.3.1/thumb/v7e-m/fpv4-sp/hard/crtn.o
 *(.fini)
 .fini          0x0000000008004e24        0x4 /opt/st/stm32cubeide_1.4.0/plugins/com.st.stm32cube.ide.mcu.externaltools.gnu-tools-for-stm32.7-2018-q2-update.linux64_1.4.0.202007081208/tools/bin/../lib/gcc/arm-none-eabi/7.3.1/thumb/v7e-m/fpv4-sp/hard/crti.o
                0x0000000008004e24                _fini
 .fini          0x0000000008004e28        0x8 /opt/st/stm32cubeide_1.4.0/plugins/com.st.stm32cube.ide.mcu.externaltools.gnu-tools-for-stm32.7-2018-q2-update.linux64_1.4.0.202007081208/tools/bin/../lib/gcc/arm-none-eabi/7.3.1/thumb/v7e-m/fpv4-sp/hard/crtn.o
                0x0000000008004e30                . = ALIGN (0x4)
                0x0000000008004e30                _etext = .

.vfp11_veneer   0x0000000008004e30        0x0
 .vfp11_veneer  0x0000000008004e30        0x0 linker stubs

.v4_bx          0x0000000008004e30        0x0
 .v4_bx         0x0000000008004e30        0x0 linker stubs

.iplt           0x0000000008004e30        0x0
 .iplt          0x0000000008004e30        0x0 /opt/st/stm32cubeide_1.4.0/plugins/com.st.stm32cube.ide.mcu.externaltools.gnu-tools-for-stm32.7-2018-q2-update.linux64_1.4.0.202007081208/tools/bin/../lib/gcc/arm-none-eabi/7.3.1/thumb/v7e-m/fpv4-sp/hard/crtbegin.o

.rodata         0x0000000008004e30       0x18
                0x0000000008004e30                . = ALIGN (0x4)
 *(.rodata)
 *(.rodata*)
 .rodata.AHBPrescTable
                0x0000000008004e30       0x10 Core/Src/system_stm32f4xx.o
                0x0000000008004e30                AHBPrescTable
 .rodata.APBPrescTable
                0x0000000008004e40        0x8 Core/Src/system_stm32f4xx.o
                0x0000000008004e40                APBPrescTable
                0x0000000008004e48                . = ALIGN (0x4)

.ARM.extab      0x0000000008004e48        0x0
                0x0000000008004e48                . = ALIGN (0x4)
 *(.ARM.extab* .gnu.linkonce.armextab.*)
                0x0000000008004e48                . = ALIGN (0x4)

.ARM            0x0000000008004e48        0x8
                0x0000000008004e48                . = ALIGN (0x4)
                0x0000000008004e48                __exidx_start = .
 *(.ARM.exidx*)
 .ARM.exidx     0x0000000008004e48        0x8 /opt/st/stm32cubeide_1.4.0/plugins/com.st.stm32cube.ide.mcu.externaltools.gnu-tools-for-stm32.7-2018-q2-update.linux64_1.4.0.202007081208/tools/bin/../lib/gcc/arm-none-eabi/7.3.1/thumb/v7e-m/fpv4-sp/hard/libgcc.a(_udivmoddi4.o)
                0x0000000008004e50                __exidx_end = .
                0x0000000008004e50                . = ALIGN (0x4)

.rel.dyn        0x0000000008004e50        0x0
 .rel.iplt      0x0000000008004e50        0x0 /opt/st/stm32cubeide_1.4.0/plugins/com.st.stm32cube.ide.mcu.externaltools.gnu-tools-for-stm32.7-2018-q2-update.linux64_1.4.0.202007081208/tools/bin/../lib/gcc/arm-none-eabi/7.3.1/thumb/v7e-m/fpv4-sp/hard/crtbegin.o

.preinit_array  0x0000000008004e50        0x0
                0x0000000008004e50                . = ALIGN (0x4)
                0x0000000008004e50                PROVIDE (__preinit_array_start = .)
 *(.preinit_array*)
                0x0000000008004e50                PROVIDE (__preinit_array_end = .)
                0x0000000008004e50                . = ALIGN (0x4)

.init_array     0x0000000008004e50        0x4
                0x0000000008004e50                . = ALIGN (0x4)
                0x0000000008004e50                PROVIDE (__init_array_start = .)
 *(SORT_BY_NAME(.init_array.*))
 *(.init_array*)
 .init_array    0x0000000008004e50        0x4 /opt/st/stm32cubeide_1.4.0/plugins/com.st.stm32cube.ide.mcu.externaltools.gnu-tools-for-stm32.7-2018-q2-update.linux64_1.4.0.202007081208/tools/bin/../lib/gcc/arm-none-eabi/7.3.1/thumb/v7e-m/fpv4-sp/hard/crtbegin.o
                0x0000000008004e54                PROVIDE (__init_array_end = .)
                0x0000000008004e54                . = ALIGN (0x4)

.fini_array     0x0000000008004e54        0x4
                0x0000000008004e54                . = ALIGN (0x4)
                [!provide]                        PROVIDE (__fini_array_start = .)
 *(SORT_BY_NAME(.fini_array.*))
 *(.fini_array*)
 .fini_array    0x0000000008004e54        0x4 /opt/st/stm32cubeide_1.4.0/plugins/com.st.stm32cube.ide.mcu.externaltools.gnu-tools-for-stm32.7-2018-q2-update.linux64_1.4.0.202007081208/tools/bin/../lib/gcc/arm-none-eabi/7.3.1/thumb/v7e-m/fpv4-sp/hard/crtbegin.o
                [!provide]                        PROVIDE (__fini_array_end = .)
                0x0000000008004e58                . = ALIGN (0x4)
                0x0000000008004e58                _sidata = LOADADDR (.data)

.data           0x0000000020000000       0x28 load address 0x0000000008004e58
                0x0000000020000000                . = ALIGN (0x4)
                0x0000000020000000                _sdata = .
 *(.data)
 *(.data*)
 .data.triggerLevel
                0x0000000020000000        0x4 Core/Src/DSO_application.o
 .data.adcRegularChannel_BufferIndex
                0x0000000020000004        0x4 Core/Src/DSO_application.o
 .data.adcInjectedChannel_BufferIndex
                0x0000000020000008        0x4 Core/Src/DSO_application.o
 .data.missingSamples
                0x000000002000000c        0x4 Core/Src/DSO_application.o
 .data.activeBuff
                0x0000000020000010        0x4 Core/Src/data_events.o
 .data.buffer2_blockStatus
                0x0000000020000014        0x4 Core/Src/data_events.o
 .data.TxState  0x0000000020000018        0x4 Core/Src/serial.o
 .data.SystemCoreClock
                0x000000002000001c        0x4 Core/Src/system_stm32f4xx.o
                0x000000002000001c                SystemCoreClock
 .data.uwTickPrio
                0x0000000020000020        0x4 Drivers/STM32F4xx_HAL_Driver/Src/stm32f4xx_hal.o
                0x0000000020000020                uwTickPrio
 .data.uwTickFreq
                0x0000000020000024        0x1 Drivers/STM32F4xx_HAL_Driver/Src/stm32f4xx_hal.o
                0x0000000020000024                uwTickFreq
                0x0000000020000028                . = ALIGN (0x4)
 *fill*         0x0000000020000025        0x3 
                0x0000000020000028                _edata = .

.igot.plt       0x0000000020000028        0x0 load address 0x0000000008004e80
 .igot.plt      0x0000000020000028        0x0 /opt/st/stm32cubeide_1.4.0/plugins/com.st.stm32cube.ide.mcu.externaltools.gnu-tools-for-stm32.7-2018-q2-update.linux64_1.4.0.202007081208/tools/bin/../lib/gcc/arm-none-eabi/7.3.1/thumb/v7e-m/fpv4-sp/hard/crtbegin.o
                0x0000000020000028                . = ALIGN (0x4)

.bss            0x0000000020000028      0xd2c load address 0x0000000008004e80
                0x0000000020000028                _sbss = .
                0x0000000020000028                __bss_start__ = _sbss
 *(.bss)
 .bss           0x0000000020000028       0x1c /opt/st/stm32cubeide_1.4.0/plugins/com.st.stm32cube.ide.mcu.externaltools.gnu-tools-for-stm32.7-2018-q2-update.linux64_1.4.0.202007081208/tools/bin/../lib/gcc/arm-none-eabi/7.3.1/thumb/v7e-m/fpv4-sp/hard/crtbegin.o
 *(.bss*)
 .bss.reloadValue
                0x0000000020000044        0x4 Core/Src/DSO_application.o
 .bss.samplingPeriod
                0x0000000020000048        0x4 Core/Src/DSO_application.o
 .bss.mode      0x000000002000004c        0x4 Core/Src/DSO_application.o
 .bss.triggerPosition
                0x0000000020000050        0x4 Core/Src/DSO_application.o
 .bss.adcBuffer1
                0x0000000020000054      0x400 Core/Src/DSO_application.o
 .bss.adcBuffer2
                0x0000000020000454      0x400 Core/Src/DSO_application.o
 .bss.OpCode_Buffer
                0x0000000020000854        0x3 Core/Src/DSO_application.o
 *fill*         0x0000000020000857        0x1 
 .bss.TT        0x0000000020000858        0x2 Core/Src/DSO_application.o
 *fill*         0x000000002000085a        0x2 
 .bss.TL        0x000000002000085c        0x2 Core/Src/DSO_application.o
 *fill*         0x000000002000085e        0x2 
 .bss.SP        0x0000000020000860        0x5 Core/Src/DSO_application.o
 *fill*         0x0000000020000865        0x3 
 .bss.mainBuffer
                0x0000000020000868      0x400 Core/Src/DSO_application.o
 .bss.HAL_RXstatus
                0x0000000020000c68        0x1 Core/Src/DSO_application.o
 .bss.HAL_TXstatus
                0x0000000020000c69        0x1 Core/Src/DSO_application.o
 *fill*         0x0000000020000c6a        0x2 
 .bss.prova     0x0000000020000c6c        0x4 Core/Src/DSO_application.o
 .bss.enabling_flag
                0x0000000020000c70        0x4 Core/Src/data_events.o
 .bss.trigger_flag
                0x0000000020000c74        0x4 Core/Src/data_events.o
 .bss.mainBuffer1_flag
                0x0000000020000c78        0x4 Core/Src/data_events.o
 .bss.mainBuffer2_flag
                0x0000000020000c7c        0x4 Core/Src/data_events.o
 .bss.buffer1_blockStatus
                0x0000000020000c80        0x4 Core/Src/data_events.o
 .bss.RxState   0x0000000020000c84        0x4 Core/Src/serial.o
 *(COMMON)
 COMMON         0x0000000020000c88       0xc8 Core/Src/main.o
                0x0000000020000c88                htim3
                0x0000000020000cc8                hadc1
                0x0000000020000d10                huart2
 COMMON         0x0000000020000d50        0x4 Drivers/STM32F4xx_HAL_Driver/Src/stm32f4xx_hal.o
                0x0000000020000d50                uwTick
                0x0000000020000d54                . = ALIGN (0x4)
                0x0000000020000d54                _ebss = .
                0x0000000020000d54                __bss_end__ = _ebss

._user_heap_stack
                0x0000000020000d54      0x604 load address 0x0000000008004e80
                0x0000000020000d58                . = ALIGN (0x8)
 *fill*         0x0000000020000d54        0x4 
                [!provide]                        PROVIDE (end = .)
                0x0000000020000d58                PROVIDE (_end = .)
                0x0000000020000f58                . = (. + _Min_Heap_Size)
 *fill*         0x0000000020000d58      0x200 
                0x0000000020001358                . = (. + _Min_Stack_Size)
 *fill*         0x0000000020000f58      0x400 
                0x0000000020001358                . = ALIGN (0x8)

/DISCARD/
 libc.a(*)
 libm.a(*)
 libgcc.a(*)

.ARM.attributes
                0x0000000000000000       0x30
 *(.ARM.attributes)
 .ARM.attributes
                0x0000000000000000       0x22 /opt/st/stm32cubeide_1.4.0/plugins/com.st.stm32cube.ide.mcu.externaltools.gnu-tools-for-stm32.7-2018-q2-update.linux64_1.4.0.202007081208/tools/bin/../lib/gcc/arm-none-eabi/7.3.1/thumb/v7e-m/fpv4-sp/hard/crti.o
 .ARM.attributes
                0x0000000000000022       0x34 /opt/st/stm32cubeide_1.4.0/plugins/com.st.stm32cube.ide.mcu.externaltools.gnu-tools-for-stm32.7-2018-q2-update.linux64_1.4.0.202007081208/tools/bin/../lib/gcc/arm-none-eabi/7.3.1/thumb/v7e-m/fpv4-sp/hard/crtbegin.o
 .ARM.attributes
                0x0000000000000056       0x39 Core/Src/DSO_application.o
 .ARM.attributes
                0x000000000000008f       0x39 Core/Src/data_events.o
 .ARM.attributes
                0x00000000000000c8       0x39 Core/Src/data_operation.o
 .ARM.attributes
                0x0000000000000101       0x39 Core/Src/main.o
 .ARM.attributes
                0x000000000000013a       0x39 Core/Src/serial.o
 .ARM.attributes
                0x0000000000000173       0x39 Core/Src/stm32f4xx_hal_msp.o
 .ARM.attributes
                0x00000000000001ac       0x39 Core/Src/stm32f4xx_it.o
 .ARM.attributes
                0x00000000000001e5       0x39 Core/Src/system_stm32f4xx.o
 .ARM.attributes
                0x000000000000021e       0x21 Core/Startup/startup_stm32f401retx.o
 .ARM.attributes
                0x000000000000023f       0x39 Drivers/STM32F4xx_HAL_Driver/Src/stm32f4xx_hal.o
 .ARM.attributes
                0x0000000000000278       0x39 Drivers/STM32F4xx_HAL_Driver/Src/stm32f4xx_hal_adc.o
 .ARM.attributes
                0x00000000000002b1       0x39 Drivers/STM32F4xx_HAL_Driver/Src/stm32f4xx_hal_adc_ex.o
 .ARM.attributes
                0x00000000000002ea       0x39 Drivers/STM32F4xx_HAL_Driver/Src/stm32f4xx_hal_cortex.o
 .ARM.attributes
                0x0000000000000323       0x39 Drivers/STM32F4xx_HAL_Driver/Src/stm32f4xx_hal_dma.o
 .ARM.attributes
                0x000000000000035c       0x39 Drivers/STM32F4xx_HAL_Driver/Src/stm32f4xx_hal_gpio.o
 .ARM.attributes
                0x0000000000000395       0x39 Drivers/STM32F4xx_HAL_Driver/Src/stm32f4xx_hal_rcc.o
 .ARM.attributes
                0x00000000000003ce       0x39 Drivers/STM32F4xx_HAL_Driver/Src/stm32f4xx_hal_tim.o
 .ARM.attributes
                0x0000000000000407       0x39 Drivers/STM32F4xx_HAL_Driver/Src/stm32f4xx_hal_tim_ex.o
 .ARM.attributes
                0x0000000000000440       0x39 Drivers/STM32F4xx_HAL_Driver/Src/stm32f4xx_hal_uart.o
 .ARM.attributes
                0x0000000000000479       0x34 /opt/st/stm32cubeide_1.4.0/plugins/com.st.stm32cube.ide.mcu.externaltools.gnu-tools-for-stm32.7-2018-q2-update.linux64_1.4.0.202007081208/tools/bin/../lib/gcc/arm-none-eabi/7.3.1/../../../../arm-none-eabi/lib/thumb/v7e-m/fpv4-sp/hard/libc_nano.a(lib_a-init.o)
 .ARM.attributes
                0x00000000000004ad       0x34 /opt/st/stm32cubeide_1.4.0/plugins/com.st.stm32cube.ide.mcu.externaltools.gnu-tools-for-stm32.7-2018-q2-update.linux64_1.4.0.202007081208/tools/bin/../lib/gcc/arm-none-eabi/7.3.1/../../../../arm-none-eabi/lib/thumb/v7e-m/fpv4-sp/hard/libc_nano.a(lib_a-memset.o)
 .ARM.attributes
                0x00000000000004e1       0x22 /opt/st/stm32cubeide_1.4.0/plugins/com.st.stm32cube.ide.mcu.externaltools.gnu-tools-for-stm32.7-2018-q2-update.linux64_1.4.0.202007081208/tools/bin/../lib/gcc/arm-none-eabi/7.3.1/thumb/v7e-m/fpv4-sp/hard/libgcc.a(_aeabi_uldivmod.o)
 .ARM.attributes
                0x0000000000000503       0x34 /opt/st/stm32cubeide_1.4.0/plugins/com.st.stm32cube.ide.mcu.externaltools.gnu-tools-for-stm32.7-2018-q2-update.linux64_1.4.0.202007081208/tools/bin/../lib/gcc/arm-none-eabi/7.3.1/thumb/v7e-m/fpv4-sp/hard/libgcc.a(_udivmoddi4.o)
 .ARM.attributes
                0x0000000000000537       0x22 /opt/st/stm32cubeide_1.4.0/plugins/com.st.stm32cube.ide.mcu.externaltools.gnu-tools-for-stm32.7-2018-q2-update.linux64_1.4.0.202007081208/tools/bin/../lib/gcc/arm-none-eabi/7.3.1/thumb/v7e-m/fpv4-sp/hard/libgcc.a(_dvmd_tls.o)
 .ARM.attributes
                0x0000000000000559       0x22 /opt/st/stm32cubeide_1.4.0/plugins/com.st.stm32cube.ide.mcu.externaltools.gnu-tools-for-stm32.7-2018-q2-update.linux64_1.4.0.202007081208/tools/bin/../lib/gcc/arm-none-eabi/7.3.1/thumb/v7e-m/fpv4-sp/hard/crtn.o
OUTPUT(DSO.elf elf32-littlearm)

.debug_info     0x0000000000000000     0xd67a
 .debug_info    0x0000000000000000      0xf41 Core/Src/DSO_application.o
 .debug_info    0x0000000000000f41      0x22e Core/Src/data_events.o
 .debug_info    0x000000000000116f      0x20b Core/Src/data_operation.o
 .debug_info    0x000000000000137a     0x11f2 Core/Src/main.o
 .debug_info    0x000000000000256c       0xd2 Core/Src/serial.o
 .debug_info    0x000000000000263e     0x1092 Core/Src/stm32f4xx_hal_msp.o
 .debug_info    0x00000000000036d0      0x8d2 Core/Src/stm32f4xx_it.o
 .debug_info    0x0000000000003fa2      0x57e Core/Src/system_stm32f4xx.o
 .debug_info    0x0000000000004520       0x22 Core/Startup/startup_stm32f401retx.o
 .debug_info    0x0000000000004542      0x8ce Drivers/STM32F4xx_HAL_Driver/Src/stm32f4xx_hal.o
 .debug_info    0x0000000000004e10      0xce6 Drivers/STM32F4xx_HAL_Driver/Src/stm32f4xx_hal_adc.o
 .debug_info    0x0000000000005af6      0xb5e Drivers/STM32F4xx_HAL_Driver/Src/stm32f4xx_hal_adc_ex.o
 .debug_info    0x0000000000006654      0xd92 Drivers/STM32F4xx_HAL_Driver/Src/stm32f4xx_hal_cortex.o
 .debug_info    0x00000000000073e6      0x960 Drivers/STM32F4xx_HAL_Driver/Src/stm32f4xx_hal_dma.o
 .debug_info    0x0000000000007d46      0x7d7 Drivers/STM32F4xx_HAL_Driver/Src/stm32f4xx_hal_gpio.o
 .debug_info    0x000000000000851d      0x929 Drivers/STM32F4xx_HAL_Driver/Src/stm32f4xx_hal_rcc.o
 .debug_info    0x0000000000008e46     0x24a1 Drivers/STM32F4xx_HAL_Driver/Src/stm32f4xx_hal_tim.o
 .debug_info    0x000000000000b2e7     0x114f Drivers/STM32F4xx_HAL_Driver/Src/stm32f4xx_hal_tim_ex.o
 .debug_info    0x000000000000c436     0x1244 Drivers/STM32F4xx_HAL_Driver/Src/stm32f4xx_hal_uart.o

.debug_abbrev   0x0000000000000000     0x1fce
 .debug_abbrev  0x0000000000000000      0x21b Core/Src/DSO_application.o
 .debug_abbrev  0x000000000000021b       0x91 Core/Src/data_events.o
 .debug_abbrev  0x00000000000002ac       0xef Core/Src/data_operation.o
 .debug_abbrev  0x000000000000039b      0x20a Core/Src/main.o
 .debug_abbrev  0x00000000000005a5       0x7b Core/Src/serial.o
 .debug_abbrev  0x0000000000000620      0x1c0 Core/Src/stm32f4xx_hal_msp.o
 .debug_abbrev  0x00000000000007e0      0x158 Core/Src/stm32f4xx_it.o
 .debug_abbrev  0x0000000000000938      0x12b Core/Src/system_stm32f4xx.o
 .debug_abbrev  0x0000000000000a63       0x12 Core/Startup/startup_stm32f401retx.o
 .debug_abbrev  0x0000000000000a75      0x1f2 Drivers/STM32F4xx_HAL_Driver/Src/stm32f4xx_hal.o
 .debug_abbrev  0x0000000000000c67      0x1cd Drivers/STM32F4xx_HAL_Driver/Src/stm32f4xx_hal_adc.o
 .debug_abbrev  0x0000000000000e34      0x1e4 Drivers/STM32F4xx_HAL_Driver/Src/stm32f4xx_hal_adc_ex.o
 .debug_abbrev  0x0000000000001018      0x2fa Drivers/STM32F4xx_HAL_Driver/Src/stm32f4xx_hal_cortex.o
 .debug_abbrev  0x0000000000001312      0x1f1 Drivers/STM32F4xx_HAL_Driver/Src/stm32f4xx_hal_dma.o
 .debug_abbrev  0x0000000000001503      0x1c9 Drivers/STM32F4xx_HAL_Driver/Src/stm32f4xx_hal_gpio.o
 .debug_abbrev  0x00000000000016cc      0x245 Drivers/STM32F4xx_HAL_Driver/Src/stm32f4xx_hal_rcc.o
 .debug_abbrev  0x0000000000001911      0x23f Drivers/STM32F4xx_HAL_Driver/Src/stm32f4xx_hal_tim.o
 .debug_abbrev  0x0000000000001b50      0x22d Drivers/STM32F4xx_HAL_Driver/Src/stm32f4xx_hal_tim_ex.o
 .debug_abbrev  0x0000000000001d7d      0x251 Drivers/STM32F4xx_HAL_Driver/Src/stm32f4xx_hal_uart.o

.debug_aranges  0x0000000000000000      0xe58
 .debug_aranges
                0x0000000000000000       0x60 Core/Src/DSO_application.o
 .debug_aranges
                0x0000000000000060       0x80 Core/Src/data_events.o
 .debug_aranges
                0x00000000000000e0       0x28 Core/Src/data_operation.o
 .debug_aranges
                0x0000000000000108       0x50 Core/Src/main.o
 .debug_aranges
                0x0000000000000158       0x38 Core/Src/serial.o
 .debug_aranges
                0x0000000000000190       0x50 Core/Src/stm32f4xx_hal_msp.o
 .debug_aranges
                0x00000000000001e0       0x70 Core/Src/stm32f4xx_it.o
 .debug_aranges
                0x0000000000000250       0x28 Core/Src/system_stm32f4xx.o
 .debug_aranges
                0x0000000000000278       0x28 Core/Startup/startup_stm32f401retx.o
 .debug_aranges
                0x00000000000002a0       0xf0 Drivers/STM32F4xx_HAL_Driver/Src/stm32f4xx_hal.o
 .debug_aranges
                0x0000000000000390       0xe8 Drivers/STM32F4xx_HAL_Driver/Src/stm32f4xx_hal_adc.o
 .debug_aranges
                0x0000000000000478       0x90 Drivers/STM32F4xx_HAL_Driver/Src/stm32f4xx_hal_adc_ex.o
 .debug_aranges
                0x0000000000000508      0x118 Drivers/STM32F4xx_HAL_Driver/Src/stm32f4xx_hal_cortex.o
 .debug_aranges
                0x0000000000000620       0x90 Drivers/STM32F4xx_HAL_Driver/Src/stm32f4xx_hal_dma.o
 .debug_aranges
                0x00000000000006b0       0x58 Drivers/STM32F4xx_HAL_Driver/Src/stm32f4xx_hal_gpio.o
 .debug_aranges
                0x0000000000000708       0x88 Drivers/STM32F4xx_HAL_Driver/Src/stm32f4xx_hal_rcc.o
 .debug_aranges
                0x0000000000000790      0x3a8 Drivers/STM32F4xx_HAL_Driver/Src/stm32f4xx_hal_tim.o
 .debug_aranges
                0x0000000000000b38      0x150 Drivers/STM32F4xx_HAL_Driver/Src/stm32f4xx_hal_tim_ex.o
 .debug_aranges
                0x0000000000000c88      0x1d0 Drivers/STM32F4xx_HAL_Driver/Src/stm32f4xx_hal_uart.o

.debug_ranges   0x0000000000000000      0xd30
 .debug_ranges  0x0000000000000000       0x50 Core/Src/DSO_application.o
 .debug_ranges  0x0000000000000050       0x70 Core/Src/data_events.o
 .debug_ranges  0x00000000000000c0       0x18 Core/Src/data_operation.o
 .debug_ranges  0x00000000000000d8       0x40 Core/Src/main.o
 .debug_ranges  0x0000000000000118       0x28 Core/Src/serial.o
 .debug_ranges  0x0000000000000140       0x40 Core/Src/stm32f4xx_hal_msp.o
 .debug_ranges  0x0000000000000180       0x60 Core/Src/stm32f4xx_it.o
 .debug_ranges  0x00000000000001e0       0x18 Core/Src/system_stm32f4xx.o
 .debug_ranges  0x00000000000001f8       0x20 Core/Startup/startup_stm32f401retx.o
 .debug_ranges  0x0000000000000218       0xe0 Drivers/STM32F4xx_HAL_Driver/Src/stm32f4xx_hal.o
 .debug_ranges  0x00000000000002f8       0xd8 Drivers/STM32F4xx_HAL_Driver/Src/stm32f4xx_hal_adc.o
 .debug_ranges  0x00000000000003d0       0x80 Drivers/STM32F4xx_HAL_Driver/Src/stm32f4xx_hal_adc_ex.o
 .debug_ranges  0x0000000000000450      0x108 Drivers/STM32F4xx_HAL_Driver/Src/stm32f4xx_hal_cortex.o
 .debug_ranges  0x0000000000000558       0x80 Drivers/STM32F4xx_HAL_Driver/Src/stm32f4xx_hal_dma.o
 .debug_ranges  0x00000000000005d8       0x48 Drivers/STM32F4xx_HAL_Driver/Src/stm32f4xx_hal_gpio.o
 .debug_ranges  0x0000000000000620       0x78 Drivers/STM32F4xx_HAL_Driver/Src/stm32f4xx_hal_rcc.o
 .debug_ranges  0x0000000000000698      0x398 Drivers/STM32F4xx_HAL_Driver/Src/stm32f4xx_hal_tim.o
 .debug_ranges  0x0000000000000a30      0x140 Drivers/STM32F4xx_HAL_Driver/Src/stm32f4xx_hal_tim_ex.o
 .debug_ranges  0x0000000000000b70      0x1c0 Drivers/STM32F4xx_HAL_Driver/Src/stm32f4xx_hal_uart.o

.debug_macro    0x0000000000000000    0x1651f
 .debug_macro   0x0000000000000000      0x22f Core/Src/DSO_application.o
 .debug_macro   0x000000000000022f      0xa5a Core/Src/DSO_application.o
 .debug_macro   0x0000000000000c89       0x58 Core/Src/DSO_application.o
 .debug_macro   0x0000000000000ce1      0x29a Core/Src/DSO_application.o
 .debug_macro   0x0000000000000f7b       0x2e Core/Src/DSO_application.o
 .debug_macro   0x0000000000000fa9       0x28 Core/Src/DSO_application.o
 .debug_macro   0x0000000000000fd1       0x22 Core/Src/DSO_application.o
 .debug_macro   0x0000000000000ff3       0x8e Core/Src/DSO_application.o
 .debug_macro   0x0000000000001081       0x51 Core/Src/DSO_application.o
 .debug_macro   0x00000000000010d2       0xef Core/Src/DSO_application.o
 .debug_macro   0x00000000000011c1       0x6a Core/Src/DSO_application.o
 .debug_macro   0x000000000000122b      0x1df Core/Src/DSO_application.o
 .debug_macro   0x000000000000140a       0x1c Core/Src/DSO_application.o
 .debug_macro   0x0000000000001426       0x22 Core/Src/DSO_application.o
 .debug_macro   0x0000000000001448       0xdf Core/Src/DSO_application.o
 .debug_macro   0x0000000000001527     0x102d Core/Src/DSO_application.o
 .debug_macro   0x0000000000002554      0x11f Core/Src/DSO_application.o
 .debug_macro   0x0000000000002673     0xb850 Core/Src/DSO_application.o
 .debug_macro   0x000000000000dec3       0x43 Core/Src/DSO_application.o
 .debug_macro   0x000000000000df06     0x3659 Core/Src/DSO_application.o
 .debug_macro   0x000000000001155f      0x174 Core/Src/DSO_application.o
 .debug_macro   0x00000000000116d3       0x5a Core/Src/DSO_application.o
 .debug_macro   0x000000000001172d      0x416 Core/Src/DSO_application.o
 .debug_macro   0x0000000000011b43      0x9fe Core/Src/DSO_application.o
 .debug_macro   0x0000000000012541      0x117 Core/Src/DSO_application.o
 .debug_macro   0x0000000000012658       0xf8 Core/Src/DSO_application.o
 .debug_macro   0x0000000000012750       0x27 Core/Src/DSO_application.o
 .debug_macro   0x0000000000012777      0x15f Core/Src/DSO_application.o
 .debug_macro   0x00000000000128d6      0x287 Core/Src/DSO_application.o
 .debug_macro   0x0000000000012b5d       0x5f Core/Src/DSO_application.o
 .debug_macro   0x0000000000012bbc      0x236 Core/Src/DSO_application.o
 .debug_macro   0x0000000000012df2      0x391 Core/Src/DSO_application.o
 .debug_macro   0x0000000000013183      0x176 Core/Src/DSO_application.o
 .debug_macro   0x00000000000132f9       0xf9 Core/Src/DSO_application.o
 .debug_macro   0x00000000000133f2      0x132 Core/Src/DSO_application.o
 .debug_macro   0x0000000000013524      0x264 Core/Src/DSO_application.o
 .debug_macro   0x0000000000013788       0x2e Core/Src/DSO_application.o
 .debug_macro   0x00000000000137b6      0x11a Core/Src/DSO_application.o
 .debug_macro   0x00000000000138d0       0x85 Core/Src/DSO_application.o
 .debug_macro   0x0000000000013955       0x89 Core/Src/DSO_application.o
 .debug_macro   0x00000000000139de      0x8a0 Core/Src/DSO_application.o
 .debug_macro   0x000000000001427e       0x47 Core/Src/DSO_application.o
 .debug_macro   0x00000000000142c5      0x287 Core/Src/DSO_application.o
 .debug_macro   0x000000000001454c      0x126 Core/Src/DSO_application.o
 .debug_macro   0x0000000000014672       0x28 Core/Src/DSO_application.o
 .debug_macro   0x000000000001469a       0x46 Core/Src/DSO_application.o
 .debug_macro   0x00000000000146e0       0x4c Core/Src/DSO_application.o
 .debug_macro   0x000000000001472c       0x1a Core/Src/data_events.o
 .debug_macro   0x0000000000014746      0x200 Core/Src/data_operation.o
 .debug_macro   0x0000000000014946      0x213 Core/Src/main.o
 .debug_macro   0x0000000000014b59       0x1a Core/Src/serial.o
 .debug_macro   0x0000000000014b73      0x1f6 Core/Src/stm32f4xx_hal_msp.o
 .debug_macro   0x0000000000014d69      0x200 Core/Src/stm32f4xx_it.o
 .debug_macro   0x0000000000014f69      0x1ed Core/Src/system_stm32f4xx.o
 .debug_macro   0x0000000000015156      0x247 Drivers/STM32F4xx_HAL_Driver/Src/stm32f4xx_hal.o
 .debug_macro   0x000000000001539d      0x1e8 Drivers/STM32F4xx_HAL_Driver/Src/stm32f4xx_hal_adc.o
 .debug_macro   0x0000000000015585      0x1e7 Drivers/STM32F4xx_HAL_Driver/Src/stm32f4xx_hal_adc_ex.o
 .debug_macro   0x000000000001576c      0x1e7 Drivers/STM32F4xx_HAL_Driver/Src/stm32f4xx_hal_cortex.o
 .debug_macro   0x0000000000015953      0x1ed Drivers/STM32F4xx_HAL_Driver/Src/stm32f4xx_hal_dma.o
 .debug_macro   0x0000000000015b40      0x21d Drivers/STM32F4xx_HAL_Driver/Src/stm32f4xx_hal_gpio.o
 .debug_macro   0x0000000000015d5d      0x20b Drivers/STM32F4xx_HAL_Driver/Src/stm32f4xx_hal_rcc.o
 .debug_macro   0x0000000000015f68      0x1e8 Drivers/STM32F4xx_HAL_Driver/Src/stm32f4xx_hal_tim.o
 .debug_macro   0x0000000000016150      0x1e7 Drivers/STM32F4xx_HAL_Driver/Src/stm32f4xx_hal_tim_ex.o
 .debug_macro   0x0000000000016337      0x1e8 Drivers/STM32F4xx_HAL_Driver/Src/stm32f4xx_hal_uart.o

.debug_line     0x0000000000000000     0xa7e6
 .debug_line    0x0000000000000000      0x965 Core/Src/DSO_application.o
 .debug_line    0x0000000000000965      0x16c Core/Src/data_events.o
 .debug_line    0x0000000000000ad1      0x714 Core/Src/data_operation.o
 .debug_line    0x00000000000011e5      0x7c3 Core/Src/main.o
 .debug_line    0x00000000000019a8       0xba Core/Src/serial.o
 .debug_line    0x0000000000001a62      0x756 Core/Src/stm32f4xx_hal_msp.o
 .debug_line    0x00000000000021b8      0x796 Core/Src/stm32f4xx_it.o
 .debug_line    0x000000000000294e      0x6e9 Core/Src/system_stm32f4xx.o
 .debug_line    0x0000000000003037       0x85 Core/Startup/startup_stm32f401retx.o
 .debug_line    0x00000000000030bc      0x8d3 Drivers/STM32F4xx_HAL_Driver/Src/stm32f4xx_hal.o
 .debug_line    0x000000000000398f      0xaf9 Drivers/STM32F4xx_HAL_Driver/Src/stm32f4xx_hal_adc.o
 .debug_line    0x0000000000004488      0x9d6 Drivers/STM32F4xx_HAL_Driver/Src/stm32f4xx_hal_adc_ex.o
 .debug_line    0x0000000000004e5e      0x9f7 Drivers/STM32F4xx_HAL_Driver/Src/stm32f4xx_hal_cortex.o
 .debug_line    0x0000000000005855      0x9a1 Drivers/STM32F4xx_HAL_Driver/Src/stm32f4xx_hal_dma.o
 .debug_line    0x00000000000061f6      0x876 Drivers/STM32F4xx_HAL_Driver/Src/stm32f4xx_hal_gpio.o
 .debug_line    0x0000000000006a6c      0x92b Drivers/STM32F4xx_HAL_Driver/Src/stm32f4xx_hal_rcc.o
 .debug_line    0x0000000000007397     0x1790 Drivers/STM32F4xx_HAL_Driver/Src/stm32f4xx_hal_tim.o
 .debug_line    0x0000000000008b27      0xcde Drivers/STM32F4xx_HAL_Driver/Src/stm32f4xx_hal_tim_ex.o
 .debug_line    0x0000000000009805      0xfe1 Drivers/STM32F4xx_HAL_Driver/Src/stm32f4xx_hal_uart.o

.debug_str      0x0000000000000000    0x8d1db
 .debug_str     0x0000000000000000    0x899d6 Core/Src/DSO_application.o
                                      0x89d5b (size before relaxing)
 .debug_str     0x00000000000899d6      0x195 Core/Src/data_events.o
                                       0x2f51 (size before relaxing)
 .debug_str     0x0000000000089b6b       0x4e Core/Src/data_operation.o
                                      0x89141 (size before relaxing)
 .debug_str     0x0000000000089bb9      0x4c2 Core/Src/main.o
                                      0x89e65 (size before relaxing)
 .debug_str     0x000000000008a07b       0x51 Core/Src/serial.o
                                       0x2de9 (size before relaxing)
 .debug_str     0x000000000008a0cc      0x42a Core/Src/stm32f4xx_hal_msp.o
                                      0x89dfa (size before relaxing)
 .debug_str     0x000000000008a4f6       0xcf Core/Src/stm32f4xx_it.o
                                      0x89756 (size before relaxing)
 .debug_str     0x000000000008a5c5       0xc4 Core/Src/system_stm32f4xx.o
                                      0x89228 (size before relaxing)
 .debug_str     0x000000000008a689       0x36 Core/Startup/startup_stm32f401retx.o
                                         0x6c (size before relaxing)
 .debug_str     0x000000000008a6bf      0x57b Drivers/STM32F4xx_HAL_Driver/Src/stm32f4xx_hal.o
                                      0x89b93 (size before relaxing)
 .debug_str     0x000000000008ac3a      0x26e Drivers/STM32F4xx_HAL_Driver/Src/stm32f4xx_hal_adc.o
                                      0x897ad (size before relaxing)
 .debug_str     0x000000000008aea8      0x1fe Drivers/STM32F4xx_HAL_Driver/Src/stm32f4xx_hal_adc_ex.o
                                      0x897e7 (size before relaxing)
 .debug_str     0x000000000008b0a6      0x392 Drivers/STM32F4xx_HAL_Driver/Src/stm32f4xx_hal_cortex.o
                                      0x89970 (size before relaxing)
 .debug_str     0x000000000008b438      0x323 Drivers/STM32F4xx_HAL_Driver/Src/stm32f4xx_hal_dma.o
                                      0x8962b (size before relaxing)
 .debug_str     0x000000000008b75b      0x20c Drivers/STM32F4xx_HAL_Driver/Src/stm32f4xx_hal_gpio.o
                                      0x89467 (size before relaxing)
 .debug_str     0x000000000008b967      0x259 Drivers/STM32F4xx_HAL_Driver/Src/stm32f4xx_hal_rcc.o
                                      0x89615 (size before relaxing)
 .debug_str     0x000000000008bbc0      0xcaa Drivers/STM32F4xx_HAL_Driver/Src/stm32f4xx_hal_tim.o
                                      0x8a322 (size before relaxing)
 .debug_str     0x000000000008c86a      0x4a2 Drivers/STM32F4xx_HAL_Driver/Src/stm32f4xx_hal_tim_ex.o
                                      0x89b22 (size before relaxing)
 .debug_str     0x000000000008cd0c      0x4cf Drivers/STM32F4xx_HAL_Driver/Src/stm32f4xx_hal_uart.o
                                      0x89a62 (size before relaxing)

.comment        0x0000000000000000       0x7b
 .comment       0x0000000000000000       0x7b Core/Src/DSO_application.o
                                         0x7c (size before relaxing)
 .comment       0x000000000000007b       0x7c Core/Src/data_events.o
 .comment       0x000000000000007b       0x7c Core/Src/data_operation.o
 .comment       0x000000000000007b       0x7c Core/Src/main.o
 .comment       0x000000000000007b       0x7c Core/Src/serial.o
 .comment       0x000000000000007b       0x7c Core/Src/stm32f4xx_hal_msp.o
 .comment       0x000000000000007b       0x7c Core/Src/stm32f4xx_it.o
 .comment       0x000000000000007b       0x7c Core/Src/system_stm32f4xx.o
 .comment       0x000000000000007b       0x7c Drivers/STM32F4xx_HAL_Driver/Src/stm32f4xx_hal.o
 .comment       0x000000000000007b       0x7c Drivers/STM32F4xx_HAL_Driver/Src/stm32f4xx_hal_adc.o
 .comment       0x000000000000007b       0x7c Drivers/STM32F4xx_HAL_Driver/Src/stm32f4xx_hal_adc_ex.o
 .comment       0x000000000000007b       0x7c Drivers/STM32F4xx_HAL_Driver/Src/stm32f4xx_hal_cortex.o
 .comment       0x000000000000007b       0x7c Drivers/STM32F4xx_HAL_Driver/Src/stm32f4xx_hal_dma.o
 .comment       0x000000000000007b       0x7c Drivers/STM32F4xx_HAL_Driver/Src/stm32f4xx_hal_gpio.o
 .comment       0x000000000000007b       0x7c Drivers/STM32F4xx_HAL_Driver/Src/stm32f4xx_hal_rcc.o
 .comment       0x000000000000007b       0x7c Drivers/STM32F4xx_HAL_Driver/Src/stm32f4xx_hal_tim.o
 .comment       0x000000000000007b       0x7c Drivers/STM32F4xx_HAL_Driver/Src/stm32f4xx_hal_tim_ex.o
 .comment       0x000000000000007b       0x7c Drivers/STM32F4xx_HAL_Driver/Src/stm32f4xx_hal_uart.o

.debug_frame    0x0000000000000000     0x3b54
 .debug_frame   0x0000000000000000      0x150 Core/Src/DSO_application.o
 .debug_frame   0x0000000000000150      0x1e0 Core/Src/data_events.o
 .debug_frame   0x0000000000000330       0x60 Core/Src/data_operation.o
 .debug_frame   0x0000000000000390       0xf4 Core/Src/main.o
 .debug_frame   0x0000000000000484       0xa0 Core/Src/serial.o
 .debug_frame   0x0000000000000524      0x118 Core/Src/stm32f4xx_hal_msp.o
 .debug_frame   0x000000000000063c      0x144 Core/Src/stm32f4xx_it.o
 .debug_frame   0x0000000000000780       0x58 Core/Src/system_stm32f4xx.o
 .debug_frame   0x00000000000007d8      0x374 Drivers/STM32F4xx_HAL_Driver/Src/stm32f4xx_hal.o
 .debug_frame   0x0000000000000b4c      0x3fc Drivers/STM32F4xx_HAL_Driver/Src/stm32f4xx_hal_adc.o
 .debug_frame   0x0000000000000f48      0x250 Drivers/STM32F4xx_HAL_Driver/Src/stm32f4xx_hal_adc_ex.o
 .debug_frame   0x0000000000001198      0x498 Drivers/STM32F4xx_HAL_Driver/Src/stm32f4xx_hal_cortex.o
 .debug_frame   0x0000000000001630      0x250 Drivers/STM32F4xx_HAL_Driver/Src/stm32f4xx_hal_dma.o
 .debug_frame   0x0000000000001880      0x14c Drivers/STM32F4xx_HAL_Driver/Src/stm32f4xx_hal_gpio.o
 .debug_frame   0x00000000000019cc      0x1f0 Drivers/STM32F4xx_HAL_Driver/Src/stm32f4xx_hal_rcc.o
 .debug_frame   0x0000000000001bbc     0x10e8 Drivers/STM32F4xx_HAL_Driver/Src/stm32f4xx_hal_tim.o
 .debug_frame   0x0000000000002ca4      0x5c0 Drivers/STM32F4xx_HAL_Driver/Src/stm32f4xx_hal_tim_ex.o
 .debug_frame   0x0000000000003264      0x844 Drivers/STM32F4xx_HAL_Driver/Src/stm32f4xx_hal_uart.o
 .debug_frame   0x0000000000003aa8       0x2c /opt/st/stm32cubeide_1.4.0/plugins/com.st.stm32cube.ide.mcu.externaltools.gnu-tools-for-stm32.7-2018-q2-update.linux64_1.4.0.202007081208/tools/bin/../lib/gcc/arm-none-eabi/7.3.1/../../../../arm-none-eabi/lib/thumb/v7e-m/fpv4-sp/hard/libc_nano.a(lib_a-init.o)
 .debug_frame   0x0000000000003ad4       0x20 /opt/st/stm32cubeide_1.4.0/plugins/com.st.stm32cube.ide.mcu.externaltools.gnu-tools-for-stm32.7-2018-q2-update.linux64_1.4.0.202007081208/tools/bin/../lib/gcc/arm-none-eabi/7.3.1/../../../../arm-none-eabi/lib/thumb/v7e-m/fpv4-sp/hard/libc_nano.a(lib_a-memset.o)
 .debug_frame   0x0000000000003af4       0x2c /opt/st/stm32cubeide_1.4.0/plugins/com.st.stm32cube.ide.mcu.externaltools.gnu-tools-for-stm32.7-2018-q2-update.linux64_1.4.0.202007081208/tools/bin/../lib/gcc/arm-none-eabi/7.3.1/thumb/v7e-m/fpv4-sp/hard/libgcc.a(_aeabi_uldivmod.o)
 .debug_frame   0x0000000000003b20       0x34 /opt/st/stm32cubeide_1.4.0/plugins/com.st.stm32cube.ide.mcu.externaltools.gnu-tools-for-stm32.7-2018-q2-update.linux64_1.4.0.202007081208/tools/bin/../lib/gcc/arm-none-eabi/7.3.1/thumb/v7e-m/fpv4-sp/hard/libgcc.a(_udivmoddi4.o)
